#
# There is insufficient memory for the Java Runtime Environment to continue.
# Native memory allocation (malloc) failed to allocate 1425616 bytes. Error detail: Chunk::new
# Possible reasons:
#   The system is out of physical RAM or swap space
#   This process is running with CompressedOops enabled, and the Java Heap may be blocking the growth of the native heap
# Possible solutions:
#   Reduce memory load on the system
#   Increase physical memory or swap space
#   Check if swap backing store is full
#   Decrease Java heap size (-Xmx/-Xms)
#   Decrease number of Java threads
#   Decrease Java thread stack sizes (-Xss)
#   Set larger code cache with -XX:ReservedCodeCacheSize=
#   JVM is running with Unscaled Compressed Oops mode in which the Java heap is
#     placed in the first 4GB address space. The Java Heap base address is the
#     maximum limit for the native heap growth. Please use -XX:HeapBaseMinAddress
#     to set the Java Heap base and to place the Java Heap above 4GB virtual address.
# This output file may be truncated or incomplete.
#
#  Out of Memory Error (arena.cpp:168), pid=35052, tid=71828
#
# JRE version: OpenJDK Runtime Environment Temurin-21.0.10+7 (21.0.10+7) (build 21.0.10+7-LTS)
# Java VM: OpenJDK 64-Bit Server VM Temurin-21.0.10+7 (21.0.10+7-LTS, mixed mode, sharing, tiered, compressed oops, compressed class ptrs, parallel gc, windows-amd64)
# No core dump will be written. Minidumps are not enabled by default on client versions of Windows
#

---------------  S U M M A R Y ------------

Command Line: --add-modules=ALL-SYSTEM --add-opens=java.base/java.util=ALL-UNNAMED --add-opens=java.base/java.lang=ALL-UNNAMED --add-opens=java.base/sun.nio.fs=ALL-UNNAMED -Declipse.application=org.eclipse.jdt.ls.core.id1 -Dosgi.bundles.defaultStartLevel=4 -Declipse.product=org.eclipse.jdt.ls.core.product -Djava.import.generatesMetadataFilesAtProjectRoot=false -DDetectVMInstallationsJob.disabled=true -Dfile.encoding=utf8 -XX:+UseParallelGC -XX:GCTimeRatio=4 -XX:AdaptiveSizePolicyWeight=90 -Dsun.zip.disableMemoryMapping=true -Xmx2G -Xms100m -Xlog:disable -javaagent:c:\Users\DBR2\.antigravity\extensions\redhat.java-1.54.0-win32-x64\lombok\lombok-1.18.39-4050.jar -XX:+HeapDumpOnOutOfMemoryError -XX:HeapDumpPath=c:\Users\DBR2\AppData\Roaming\Antigravity\User\workspaceStorage\9cd9de923beb208d0e11543e4bb6baaa\redhat.java -Daether.dependencyCollector.impl=bf c:\Users\DBR2\.antigravity\extensions\redhat.java-1.54.0-win32-x64\server\plugins\org.eclipse.equinox.launcher_1.7.100.v20251111-0406.jar -configuration c:\Users\DBR2\AppData\Roaming\Antigravity\User\globalStorage\redhat.java\1.54.0\config_win -data c:\Users\DBR2\AppData\Roaming\Antigravity\User\workspaceStorage\9cd9de923beb208d0e11543e4bb6baaa\redhat.java\jdt_ws --pipe=\\.\pipe\lsp-34c35d3f5a6d222ddf2ad8f818f7837a-sock

Host: 13th Gen Intel(R) Core(TM) i7-13850HX, 28 cores, 31G,  Windows 11 , 64 bit Build 22621 (10.0.22621.6931)
Time: Tue May  5 13:54:44 2026 Central Daylight Time elapsed time: 17.932565 seconds (0d 0h 0m 17s)

---------------  T H R E A D  ---------------

Current thread (0x0000018bf509cde0):  JavaThread "C2 CompilerThread6" daemon [_thread_in_native, id=71828, stack(0x0000005b41400000,0x0000005b41500000) (1024K)]


Current CompileTask:
C2:17932 16181       4       lombok.eclipse.EclipseAST::buildMethod (110 bytes)

Stack: [0x0000005b41400000,0x0000005b41500000]
Native frames: (J=compiled Java code, j=interpreted, Vv=VM code, C=native code)
V  [jvm.dll+0x6d7a39]
V  [jvm.dll+0x8b4b26]
V  [jvm.dll+0x8b70de]
V  [jvm.dll+0x8b77c3]
V  [jvm.dll+0x284346]
V  [jvm.dll+0xc66ed]
V  [jvm.dll+0xc6c31]
V  [jvm.dll+0x3bec3b]
V  [jvm.dll+0x38b162]
V  [jvm.dll+0x38a5aa]
V  [jvm.dll+0x24c560]
V  [jvm.dll+0x24bb40]
V  [jvm.dll+0x1cb34e]
V  [jvm.dll+0x25b85d]
V  [jvm.dll+0x259dea]
V  [jvm.dll+0x3f857e]
V  [jvm.dll+0x85f59d]
V  [jvm.dll+0x6d626d]
C  [ucrtbase.dll+0x29333]
C  [KERNEL32.DLL+0x1259d]
C  [ntdll.dll+0x5afb8]


---------------  P R O C E S S  ---------------

Threads class SMR info:
_java_thread_list=0x0000018bf9aee200, length=140, elements={
0x0000018bd412b3a0, 0x0000018bd40be080, 0x0000018bd40bf890, 0x0000018bd40c1ed0,
0x0000018bd40c3070, 0x0000018bd40c5d20, 0x0000018bd40cd710, 0x0000018bebf6bfa0,
0x0000018bebf6ca40, 0x0000018bec188290, 0x0000018bf31e5510, 0x0000018bf37147a0,
0x0000018bf3927b70, 0x0000018bf381ea10, 0x0000018bf381f450, 0x0000018bf3e16d90,
0x0000018bf4261b60, 0x0000018bf3a85930, 0x0000018bf3f45210, 0x0000018bf3f458a0,
0x0000018bf3f43140, 0x0000018bf3f437d0, 0x0000018bf3f45f30, 0x0000018bf3f44b80,
0x0000018bf3f444f0, 0x0000018bf3f42ab0, 0x0000018bf3f43e60, 0x0000018bf5599e90,
0x0000018bf5598ae0, 0x0000018bf5599800, 0x0000018bf5598450, 0x0000018bf559abb0,
0x0000018bf5599170, 0x0000018bf559b240, 0x0000018bf559a520, 0x0000018bf559b8d0,
0x0000018bf5cf7ce0, 0x0000018bf5cf6930, 0x0000018bf5cf7650, 0x0000018bf5cf8370,
0x0000018bf5cf6fc0, 0x0000018bf5cf5580, 0x0000018bf5cf9090, 0x0000018bf5cf8a00,
0x0000018bf5cf62a0, 0x0000018bf5cf9db0, 0x0000018bf5cf9720, 0x0000018bf5cfa440,
0x0000018bf5cf34b0, 0x0000018bf5cfaad0, 0x0000018bf5cf3b40, 0x0000018bf5cf5c10,
0x0000018bf5cf41d0, 0x0000018bf5cf4860, 0x0000018bf5cf4ef0, 0x0000018bf5664f80,
0x0000018bf5663bd0, 0x0000018bf5662190, 0x0000018bf56676e0, 0x0000018bf67f7eb0,
0x0000018bf67f77e0, 0x0000018bf67f8c50, 0x0000018bf67f6a40, 0x0000018bf67f6370,
0x0000018bf67f9320, 0x0000018bf5663540, 0x0000018bf5669120, 0x0000018bf509c710,
0x0000018bf5667d70, 0x0000018bf5665610, 0x0000018bf56669c0, 0x0000018bf5662820,
0x0000018bf5662eb0, 0x0000018bf5664260, 0x0000018bf5665ca0, 0x0000018bf6633470,
0x0000018bf6638330, 0x0000018bf6639d70, 0x0000018bf6634820, 0x0000018bf6637ca0,
0x0000018bf663aa90, 0x0000018bf6634eb0, 0x0000018bf6635540, 0x0000018bf663a400,
0x0000018bf66389c0, 0x0000018bf6639050, 0x0000018bf6633b00, 0x0000018bf66396e0,
0x0000018bf6634190, 0x0000018bf6635bd0, 0x0000018bf6636260, 0x0000018bf66368f0,
0x0000018bf6637610, 0x0000018bf6636f80, 0x0000018bf8b885e0, 0x0000018bf8b8e850,
0x0000018bf8b8a020, 0x0000018bf8b8eee0, 0x0000018bf8b8d4a0, 0x0000018bf8b8ad40,
0x0000018bf8b8f570, 0x0000018bf8b88c70, 0x0000018bf8b89990, 0x0000018bf8b89300,
0x0000018bf8b8e1c0, 0x0000018bf8b8db30, 0x0000018bf8b8b3d0, 0x0000018bf8b8ce10,
0x0000018bf8b8ba60, 0x0000018bf8b8c780, 0x0000018bf9f57450, 0x0000018bf5099760,
0x0000018bf509cde0, 0x0000018bf9f5a240, 0x0000018bf9f58e90, 0x0000018bf9f59bb0,
0x0000018bf9f54cf0, 0x0000018bf9f55380, 0x0000018bf9f55a10, 0x0000018bf9f57ae0,
0x0000018bf9f56730, 0x0000018bf9f56dc0, 0x0000018bf9f58800, 0x0000018bf8b8c0f0,
0x0000018bf8b8a6b0, 0x0000018bfb1ea350, 0x0000018bfb1e5490, 0x0000018bfb1e7bf0,
0x0000018bfb1e61b0, 0x0000018bfb1e8fa0, 0x0000018bfb1e6840, 0x0000018bfb1e7560,
0x0000018bfb1e9630, 0x0000018bfb1e6ed0, 0x0000018bfb1ea9e0, 0x0000018bfb1ebd90,
0x0000018bfb1e9cc0, 0x0000018bfb1e5b20, 0x0000018bfb1e8280, 0x0000018bfb1eb070
}

Java Threads: ( => current thread )
  0x0000018bd412b3a0 JavaThread "main"                              [_thread_blocked, id=97532, stack(0x0000005b3b900000,0x0000005b3ba00000) (1024K)]
  0x0000018bd40be080 JavaThread "Reference Handler"          daemon [_thread_blocked, id=49652, stack(0x0000005b3bd00000,0x0000005b3be00000) (1024K)]
  0x0000018bd40bf890 JavaThread "Finalizer"                  daemon [_thread_blocked, id=70188, stack(0x0000005b3be00000,0x0000005b3bf00000) (1024K)]
  0x0000018bd40c1ed0 JavaThread "Signal Dispatcher"          daemon [_thread_blocked, id=70260, stack(0x0000005b3bf00000,0x0000005b3c000000) (1024K)]
  0x0000018bd40c3070 JavaThread "Attach Listener"            daemon [_thread_blocked, id=1664, stack(0x0000005b3c000000,0x0000005b3c100000) (1024K)]
  0x0000018bd40c5d20 JavaThread "Service Thread"             daemon [_thread_blocked, id=54860, stack(0x0000005b3c100000,0x0000005b3c200000) (1024K)]
  0x0000018bd40cd710 JavaThread "Monitor Deflation Thread"   daemon [_thread_blocked, id=63368, stack(0x0000005b3c200000,0x0000005b3c300000) (1024K)]
  0x0000018bebf6bfa0 JavaThread "C2 CompilerThread0"         daemon [_thread_blocked, id=94648, stack(0x0000005b3c300000,0x0000005b3c400000) (1024K)]
  0x0000018bebf6ca40 JavaThread "C1 CompilerThread0"         daemon [_thread_blocked, id=1308, stack(0x0000005b3c400000,0x0000005b3c500000) (1024K)]
  0x0000018bec188290 JavaThread "Common-Cleaner"             daemon [_thread_blocked, id=119448, stack(0x0000005b3c900000,0x0000005b3ca00000) (1024K)]
  0x0000018bf31e5510 JavaThread "Notification Thread"        daemon [_thread_blocked, id=17152, stack(0x0000005b3ca00000,0x0000005b3cb00000) (1024K)]
  0x0000018bf37147a0 JavaThread "Active Thread: Equinox Container: aa8bf0cb-b5d6-4fd3-beaf-9ad5b1ab3af6"        [_thread_blocked, id=14728, stack(0x0000005b3d200000,0x0000005b3d300000) (1024K)]
  0x0000018bf3927b70 JavaThread "Refresh Thread: Equinox Container: aa8bf0cb-b5d6-4fd3-beaf-9ad5b1ab3af6" daemon [_thread_blocked, id=113680, stack(0x0000005b3d400000,0x0000005b3d500000) (1024K)]
  0x0000018bf381ea10 JavaThread "Framework Event Dispatcher: Equinox Container: aa8bf0cb-b5d6-4fd3-beaf-9ad5b1ab3af6" daemon [_thread_blocked, id=53648, stack(0x0000005b3d500000,0x0000005b3d600000) (1024K)]
  0x0000018bf381f450 JavaThread "Start Level: Equinox Container: aa8bf0cb-b5d6-4fd3-beaf-9ad5b1ab3af6" daemon [_thread_blocked, id=51288, stack(0x0000005b3d600000,0x0000005b3d700000) (1024K)]
  0x0000018bf3e16d90 JavaThread "Bundle File Closer"         daemon [_thread_blocked, id=82012, stack(0x0000005b3da00000,0x0000005b3db00000) (1024K)]
  0x0000018bf4261b60 JavaThread "SCR Component Actor"        daemon [_thread_blocked, id=1468, stack(0x0000005b3c600000,0x0000005b3c700000) (1024K)]
  0x0000018bf3a85930 JavaThread "Worker-JM"                         [_thread_blocked, id=115480, stack(0x0000005b3db00000,0x0000005b3dc00000) (1024K)]
  0x0000018bf3f45210 JavaThread "Worker-0: Java indexing... "        [_thread_blocked, id=48604, stack(0x0000005b3de00000,0x0000005b3df00000) (1024K)]
  0x0000018bf3f458a0 JavaThread "Worker-1"                          [_thread_blocked, id=50612, stack(0x0000005b3df00000,0x0000005b3e000000) (1024K)]
  0x0000018bf3f43140 JavaThread "Java indexing"              daemon [_thread_in_Java, id=28768, stack(0x0000005b3e500000,0x0000005b3e600000) (1024K)]
  0x0000018bf3f437d0 JavaThread "JNA Cleaner"                daemon [_thread_blocked, id=97496, stack(0x0000005b3e700000,0x0000005b3e800000) (1024K)]
  0x0000018bf3f45f30 JavaThread "Worker-2"                          [_thread_blocked, id=24608, stack(0x0000005b3ea00000,0x0000005b3eb00000) (1024K)]
  0x0000018bf3f44b80 JavaThread "Worker-3: Building"                [_thread_blocked, id=36888, stack(0x0000005b3ed00000,0x0000005b3ee00000) (1024K)]
  0x0000018bf3f444f0 JavaThread "Thread-1"                   daemon [_thread_in_native, id=86448, stack(0x0000005b3ee00000,0x0000005b3ef00000) (1024K)]
  0x0000018bf3f42ab0 JavaThread "Thread-2"                   daemon [_thread_in_native, id=97536, stack(0x0000005b3ef00000,0x0000005b3f000000) (1024K)]
  0x0000018bf3f43e60 JavaThread "Thread-3"                   daemon [_thread_in_native, id=13248, stack(0x0000005b3f000000,0x0000005b3f100000) (1024K)]
  0x0000018bf5599e90 JavaThread "Thread-4"                   daemon [_thread_in_native, id=56104, stack(0x0000005b3f100000,0x0000005b3f200000) (1024K)]
  0x0000018bf5598ae0 JavaThread "Thread-5"                   daemon [_thread_in_native, id=41304, stack(0x0000005b3f200000,0x0000005b3f300000) (1024K)]
  0x0000018bf5599800 JavaThread "Thread-6"                   daemon [_thread_in_native, id=64164, stack(0x0000005b3f300000,0x0000005b3f400000) (1024K)]
  0x0000018bf5598450 JavaThread "Thread-7"                   daemon [_thread_in_native, id=72736, stack(0x0000005b3f400000,0x0000005b3f500000) (1024K)]
  0x0000018bf559abb0 JavaThread "Thread-8"                   daemon [_thread_in_native, id=114248, stack(0x0000005b3f500000,0x0000005b3f600000) (1024K)]
  0x0000018bf5599170 JavaThread "Thread-9"                   daemon [_thread_in_native, id=50672, stack(0x0000005b3f600000,0x0000005b3f700000) (1024K)]
  0x0000018bf559b240 JavaThread "Thread-10"                  daemon [_thread_in_native, id=50756, stack(0x0000005b3f700000,0x0000005b3f800000) (1024K)]
  0x0000018bf559a520 JavaThread "Thread-11"                  daemon [_thread_in_native, id=5084, stack(0x0000005b3f800000,0x0000005b3f900000) (1024K)]
  0x0000018bf559b8d0 JavaThread "Thread-12"                  daemon [_thread_in_native, id=108820, stack(0x0000005b3f900000,0x0000005b3fa00000) (1024K)]
  0x0000018bf5cf7ce0 JavaThread "Thread-13"                  daemon [_thread_in_native, id=94260, stack(0x0000005b3fa00000,0x0000005b3fb00000) (1024K)]
  0x0000018bf5cf6930 JavaThread "Thread-14"                  daemon [_thread_in_native, id=11344, stack(0x0000005b3fb00000,0x0000005b3fc00000) (1024K)]
  0x0000018bf5cf7650 JavaThread "Thread-15"                  daemon [_thread_in_native, id=32228, stack(0x0000005b3fc00000,0x0000005b3fd00000) (1024K)]
  0x0000018bf5cf8370 JavaThread "Thread-16"                  daemon [_thread_in_native, id=38044, stack(0x0000005b3fd00000,0x0000005b3fe00000) (1024K)]
  0x0000018bf5cf6fc0 JavaThread "Thread-17"                  daemon [_thread_in_native, id=48944, stack(0x0000005b3fe00000,0x0000005b3ff00000) (1024K)]
  0x0000018bf5cf5580 JavaThread "Thread-18"                  daemon [_thread_in_native, id=25340, stack(0x0000005b3ff00000,0x0000005b40000000) (1024K)]
  0x0000018bf5cf9090 JavaThread "Thread-19"                  daemon [_thread_in_native, id=104228, stack(0x0000005b40000000,0x0000005b40100000) (1024K)]
  0x0000018bf5cf8a00 JavaThread "Thread-20"                  daemon [_thread_in_native, id=56436, stack(0x0000005b40100000,0x0000005b40200000) (1024K)]
  0x0000018bf5cf62a0 JavaThread "Thread-21"                  daemon [_thread_in_native, id=21496, stack(0x0000005b40200000,0x0000005b40300000) (1024K)]
  0x0000018bf5cf9db0 JavaThread "Thread-22"                  daemon [_thread_in_native, id=36116, stack(0x0000005b40300000,0x0000005b40400000) (1024K)]
  0x0000018bf5cf9720 JavaThread "Thread-23"                  daemon [_thread_in_native, id=57120, stack(0x0000005b40400000,0x0000005b40500000) (1024K)]
  0x0000018bf5cfa440 JavaThread "Thread-24"                  daemon [_thread_in_native, id=123748, stack(0x0000005b40500000,0x0000005b40600000) (1024K)]
  0x0000018bf5cf34b0 JavaThread "Thread-25"                  daemon [_thread_in_native, id=99844, stack(0x0000005b40600000,0x0000005b40700000) (1024K)]
  0x0000018bf5cfaad0 JavaThread "Thread-26"                  daemon [_thread_in_native, id=6556, stack(0x0000005b40700000,0x0000005b40800000) (1024K)]
  0x0000018bf5cf3b40 JavaThread "Thread-27"                  daemon [_thread_in_native, id=83324, stack(0x0000005b40800000,0x0000005b40900000) (1024K)]
  0x0000018bf5cf5c10 JavaThread "Thread-28"                  daemon [_thread_in_native, id=13680, stack(0x0000005b40900000,0x0000005b40a00000) (1024K)]
  0x0000018bf5cf41d0 JavaThread "Thread-29"                  daemon [_thread_in_native, id=117376, stack(0x0000005b40a00000,0x0000005b40b00000) (1024K)]
  0x0000018bf5cf4860 JavaThread "pool-2-thread-1"                   [_thread_blocked, id=58036, stack(0x0000005b40b00000,0x0000005b40c00000) (1024K)]
  0x0000018bf5cf4ef0 JavaThread "WorkspaceEventsHandler"            [_thread_blocked, id=56912, stack(0x0000005b40d00000,0x0000005b40e00000) (1024K)]
  0x0000018bf5664f80 JavaThread "pool-1-thread-1"                   [_thread_blocked, id=65240, stack(0x0000005b40e00000,0x0000005b40f00000) (1024K)]
  0x0000018bf5663bd0 JavaThread "Worker-4"                          [_thread_blocked, id=22844, stack(0x0000005b40f00000,0x0000005b41000000) (1024K)]
  0x0000018bf5662190 JavaThread "Worker-5"                          [_thread_blocked, id=28160, stack(0x0000005b41000000,0x0000005b41100000) (1024K)]
  0x0000018bf56676e0 JavaThread "Keep-Alive-Timer"           daemon [_thread_blocked, id=39620, stack(0x0000005b41100000,0x0000005b41200000) (1024K)]
  0x0000018bf67f7eb0 JavaThread "C2 CompilerThread1"         daemon [_thread_blocked, id=27692, stack(0x0000005b3c500000,0x0000005b3c600000) (1024K)]
  0x0000018bf67f77e0 JavaThread "C1 CompilerThread1"         daemon [_thread_blocked, id=81664, stack(0x0000005b3e200000,0x0000005b3e300000) (1024K)]
  0x0000018bf67f8c50 JavaThread "C1 CompilerThread2"         daemon [_thread_blocked, id=34396, stack(0x0000005b41200000,0x0000005b41300000) (1024K)]
  0x0000018bf67f6a40 JavaThread "C2 CompilerThread2"         daemon [_thread_blocked, id=116380, stack(0x0000005b3c700000,0x0000005b3c800000) (1024K)]
  0x0000018bf67f6370 JavaThread "C1 CompilerThread3"         daemon [_thread_blocked, id=16580, stack(0x0000005b41700000,0x0000005b41800000) (1024K)]
  0x0000018bf67f9320 JavaThread "C2 CompilerThread3"         daemon [_thread_blocked, id=102888, stack(0x0000005b3c800000,0x0000005b3c900000) (1024K)]
  0x0000018bf5663540 JavaThread "ForkJoinPool.commonPool-worker-1" daemon [_thread_blocked, id=18728, stack(0x0000005b41500000,0x0000005b41600000) (1024K)]
  0x0000018bf5669120 JavaThread "ForkJoinPool.commonPool-worker-2" daemon [_thread_blocked, id=114860, stack(0x0000005b41600000,0x0000005b41700000) (1024K)]
  0x0000018bf509c710 JavaThread "C2 CompilerThread4"         daemon [_thread_blocked, id=64028, stack(0x0000005b3cb00000,0x0000005b3cc00000) (1024K)]
  0x0000018bf5667d70 JavaThread "LocalFile Deleter"          daemon [_thread_blocked, id=113308, stack(0x0000005b41900000,0x0000005b41a00000) (1024K)]
  0x0000018bf5665610 JavaThread "LocalFile Deleter"          daemon [_thread_blocked, id=48148, stack(0x0000005b41a00000,0x0000005b41b00000) (1024K)]
  0x0000018bf56669c0 JavaThread "LocalFile Deleter"          daemon [_thread_blocked, id=91632, stack(0x0000005b41b00000,0x0000005b41c00000) (1024K)]
  0x0000018bf5662820 JavaThread "LocalFile Deleter"          daemon [_thread_blocked, id=44840, stack(0x0000005b41c00000,0x0000005b41d00000) (1024K)]
  0x0000018bf5662eb0 JavaThread "LocalFile Deleter"          daemon [_thread_blocked, id=43100, stack(0x0000005b41d00000,0x0000005b41e00000) (1024K)]
  0x0000018bf5664260 JavaThread "LocalFile Deleter"          daemon [_thread_blocked, id=123776, stack(0x0000005b41e00000,0x0000005b41f00000) (1024K)]
  0x0000018bf5665ca0 JavaThread "LocalFile Deleter"          daemon [_thread_blocked, id=100360, stack(0x0000005b41f00000,0x0000005b42000000) (1024K)]
  0x0000018bf6633470 JavaThread "LocalFile Deleter"          daemon [_thread_blocked, id=39636, stack(0x0000005b42000000,0x0000005b42100000) (1024K)]
  0x0000018bf6638330 JavaThread "LocalFile Deleter"          daemon [_thread_blocked, id=48316, stack(0x0000005b42100000,0x0000005b42200000) (1024K)]
  0x0000018bf6639d70 JavaThread "LocalFile Deleter"          daemon [_thread_blocked, id=59896, stack(0x0000005b42200000,0x0000005b42300000) (1024K)]
  0x0000018bf6634820 JavaThread "LocalFile Deleter"          daemon [_thread_blocked, id=63232, stack(0x0000005b42300000,0x0000005b42400000) (1024K)]
  0x0000018bf6637ca0 JavaThread "LocalFile Deleter"          daemon [_thread_blocked, id=3964, stack(0x0000005b42400000,0x0000005b42500000) (1024K)]
  0x0000018bf663aa90 JavaThread "LocalFile Deleter"          daemon [_thread_blocked, id=27284, stack(0x0000005b42500000,0x0000005b42600000) (1024K)]
  0x0000018bf6634eb0 JavaThread "LocalFile Deleter"          daemon [_thread_blocked, id=60608, stack(0x0000005b42600000,0x0000005b42700000) (1024K)]
  0x0000018bf6635540 JavaThread "LocalFile Deleter"          daemon [_thread_blocked, id=38576, stack(0x0000005b42700000,0x0000005b42800000) (1024K)]
  0x0000018bf663a400 JavaThread "LocalFile Deleter"          daemon [_thread_blocked, id=98944, stack(0x0000005b42800000,0x0000005b42900000) (1024K)]
  0x0000018bf66389c0 JavaThread "LocalFile Deleter"          daemon [_thread_blocked, id=103016, stack(0x0000005b42900000,0x0000005b42a00000) (1024K)]
  0x0000018bf6639050 JavaThread "LocalFile Deleter"          daemon [_thread_blocked, id=33856, stack(0x0000005b42a00000,0x0000005b42b00000) (1024K)]
  0x0000018bf6633b00 JavaThread "LocalFile Deleter"          daemon [_thread_blocked, id=116100, stack(0x0000005b42b00000,0x0000005b42c00000) (1024K)]
  0x0000018bf66396e0 JavaThread "LocalFile Deleter"          daemon [_thread_blocked, id=74140, stack(0x0000005b42c00000,0x0000005b42d00000) (1024K)]
  0x0000018bf6634190 JavaThread "LocalFile Deleter"          daemon [_thread_blocked, id=112812, stack(0x0000005b42d00000,0x0000005b42e00000) (1024K)]
  0x0000018bf6635bd0 JavaThread "LocalFile Deleter"          daemon [_thread_blocked, id=71000, stack(0x0000005b42e00000,0x0000005b42f00000) (1024K)]
  0x0000018bf6636260 JavaThread "LocalFile Deleter"          daemon [_thread_blocked, id=103972, stack(0x0000005b42f00000,0x0000005b43000000) (1024K)]
  0x0000018bf66368f0 JavaThread "LocalFile Deleter"          daemon [_thread_blocked, id=77732, stack(0x0000005b43000000,0x0000005b43100000) (1024K)]
  0x0000018bf6637610 JavaThread "LocalFile Deleter"          daemon [_thread_blocked, id=122336, stack(0x0000005b43100000,0x0000005b43200000) (1024K)]
  0x0000018bf6636f80 JavaThread "LocalFile Deleter"          daemon [_thread_blocked, id=39300, stack(0x0000005b43200000,0x0000005b43300000) (1024K)]
  0x0000018bf8b885e0 JavaThread "LocalFile Deleter"          daemon [_thread_blocked, id=121620, stack(0x0000005b43300000,0x0000005b43400000) (1024K)]
  0x0000018bf8b8e850 JavaThread "LocalFile Deleter"          daemon [_thread_blocked, id=73104, stack(0x0000005b43400000,0x0000005b43500000) (1024K)]
  0x0000018bf8b8a020 JavaThread "Compiler Source File Reader" daemon [_thread_blocked, id=33372, stack(0x0000005b43500000,0x0000005b43600000) (1024K)]
  0x0000018bf8b8eee0 JavaThread "Compiler Source File Reader" daemon [_thread_blocked, id=111564, stack(0x0000005b43600000,0x0000005b43700000) (1024K)]
  0x0000018bf8b8d4a0 JavaThread "Compiler Source File Reader" daemon [_thread_blocked, id=34992, stack(0x0000005b43700000,0x0000005b43800000) (1024K)]
  0x0000018bf8b8ad40 JavaThread "Compiler Source File Reader" daemon [_thread_blocked, id=113656, stack(0x0000005b43800000,0x0000005b43900000) (1024K)]
  0x0000018bf8b8f570 JavaThread "Compiler Source File Reader" daemon [_thread_blocked, id=42628, stack(0x0000005b43900000,0x0000005b43a00000) (1024K)]
  0x0000018bf8b88c70 JavaThread "Compiler Source File Reader" daemon [_thread_blocked, id=112084, stack(0x0000005b43a00000,0x0000005b43b00000) (1024K)]
  0x0000018bf8b89990 JavaThread "Compiler Source File Reader" daemon [_thread_blocked, id=63328, stack(0x0000005b43b00000,0x0000005b43c00000) (1024K)]
  0x0000018bf8b89300 JavaThread "Compiler Source File Reader" daemon [_thread_blocked, id=88080, stack(0x0000005b43c00000,0x0000005b43d00000) (1024K)]
  0x0000018bf8b8e1c0 JavaThread "Compiler Source File Reader" daemon [_thread_blocked, id=37860, stack(0x0000005b43d00000,0x0000005b43e00000) (1024K)]
  0x0000018bf8b8db30 JavaThread "Compiler Source File Reader" daemon [_thread_blocked, id=119840, stack(0x0000005b43e00000,0x0000005b43f00000) (1024K)]
  0x0000018bf8b8b3d0 JavaThread "Compiler Source File Reader" daemon [_thread_blocked, id=118580, stack(0x0000005b43f00000,0x0000005b44000000) (1024K)]
  0x0000018bf8b8ce10 JavaThread "Compiler Source File Reader" daemon [_thread_blocked, id=102000, stack(0x0000005b44000000,0x0000005b44100000) (1024K)]
  0x0000018bf8b8ba60 JavaThread "Compiler Source File Reader" daemon [_thread_blocked, id=7816, stack(0x0000005b44100000,0x0000005b44200000) (1024K)]
  0x0000018bf8b8c780 JavaThread "Compiler Source File Reader" daemon [_thread_blocked, id=114872, stack(0x0000005b44200000,0x0000005b44300000) (1024K)]
  0x0000018bf9f57450 JavaThread "Compiler Source File Reader" daemon [_thread_blocked, id=119892, stack(0x0000005b44300000,0x0000005b44400000) (1024K)]
  0x0000018bf5099760 JavaThread "C2 CompilerThread5"         daemon [_thread_blocked, id=45544, stack(0x0000005b41300000,0x0000005b41400000) (1024K)]
=>0x0000018bf509cde0 JavaThread "C2 CompilerThread6"         daemon [_thread_in_native, id=71828, stack(0x0000005b41400000,0x0000005b41500000) (1024K)]
  0x0000018bf9f5a240 JavaThread "Compiler Processing Task"   daemon [_thread_blocked, id=81820, stack(0x0000005b44400000,0x0000005b44500000) (1024K)]
  0x0000018bf9f58e90 JavaThread "Compiler Class File Writer" daemon [_thread_blocked, id=63656, stack(0x0000005b44500000,0x0000005b44600000) (1024K)]
  0x0000018bf9f59bb0 JavaThread "Compiler Class File Writer" daemon [_thread_blocked, id=74568, stack(0x0000005b44600000,0x0000005b44700000) (1024K)]
  0x0000018bf9f54cf0 JavaThread "Compiler Class File Writer" daemon [_thread_blocked, id=62268, stack(0x0000005b44700000,0x0000005b44800000) (1024K)]
  0x0000018bf9f55380 JavaThread "Compiler Class File Writer" daemon [_thread_blocked, id=80712, stack(0x0000005b44800000,0x0000005b44900000) (1024K)]
  0x0000018bf9f55a10 JavaThread "Compiler Class File Writer" daemon [_thread_blocked, id=68716, stack(0x0000005b44900000,0x0000005b44a00000) (1024K)]
  0x0000018bf9f57ae0 JavaThread "Compiler Class File Writer" daemon [_thread_blocked, id=110520, stack(0x0000005b44a00000,0x0000005b44b00000) (1024K)]
  0x0000018bf9f56730 JavaThread "Compiler Class File Writer" daemon [_thread_blocked, id=40412, stack(0x0000005b44b00000,0x0000005b44c00000) (1024K)]
  0x0000018bf9f56dc0 JavaThread "Compiler Class File Writer" daemon [_thread_blocked, id=94036, stack(0x0000005b44c00000,0x0000005b44d00000) (1024K)]
  0x0000018bf9f58800 JavaThread "Compiler Class File Writer" daemon [_thread_blocked, id=96512, stack(0x0000005b44d00000,0x0000005b44e00000) (1024K)]
  0x0000018bf8b8c0f0 JavaThread "Compiler Class File Writer" daemon [_thread_blocked, id=104132, stack(0x0000005b44e00000,0x0000005b44f00000) (1024K)]
  0x0000018bf8b8a6b0 JavaThread "Compiler Class File Writer" daemon [_thread_blocked, id=98412, stack(0x0000005b44f00000,0x0000005b45000000) (1024K)]
  0x0000018bfb1ea350 JavaThread "Compiler Class File Writer" daemon [_thread_blocked, id=36600, stack(0x0000005b45000000,0x0000005b45100000) (1024K)]
  0x0000018bfb1e5490 JavaThread "Compiler Class File Writer" daemon [_thread_blocked, id=22428, stack(0x0000005b45100000,0x0000005b45200000) (1024K)]
  0x0000018bfb1e7bf0 JavaThread "Compiler Class File Writer" daemon [_thread_blocked, id=120580, stack(0x0000005b45200000,0x0000005b45300000) (1024K)]
  0x0000018bfb1e61b0 JavaThread "Compiler Class File Writer" daemon [_thread_blocked, id=32556, stack(0x0000005b45300000,0x0000005b45400000) (1024K)]
  0x0000018bfb1e8fa0 JavaThread "Compiler Class File Writer" daemon [_thread_blocked, id=88580, stack(0x0000005b45400000,0x0000005b45500000) (1024K)]
  0x0000018bfb1e6840 JavaThread "Compiler Class File Writer" daemon [_thread_blocked, id=39196, stack(0x0000005b45500000,0x0000005b45600000) (1024K)]
  0x0000018bfb1e7560 JavaThread "Compiler Class File Writer" daemon [_thread_blocked, id=120056, stack(0x0000005b45600000,0x0000005b45700000) (1024K)]
  0x0000018bfb1e9630 JavaThread "Compiler Class File Writer" daemon [_thread_blocked, id=104164, stack(0x0000005b45700000,0x0000005b45800000) (1024K)]
  0x0000018bfb1e6ed0 JavaThread "Compiler Class File Writer" daemon [_thread_blocked, id=65196, stack(0x0000005b45800000,0x0000005b45900000) (1024K)]
  0x0000018bfb1ea9e0 JavaThread "Compiler Class File Writer" daemon [_thread_blocked, id=5312, stack(0x0000005b45900000,0x0000005b45a00000) (1024K)]
  0x0000018bfb1ebd90 JavaThread "Compiler Class File Writer" daemon [_thread_blocked, id=121080, stack(0x0000005b45a00000,0x0000005b45b00000) (1024K)]
  0x0000018bfb1e9cc0 JavaThread "Compiler Class File Writer" daemon [_thread_blocked, id=79980, stack(0x0000005b45b00000,0x0000005b45c00000) (1024K)]
  0x0000018bfb1e5b20 JavaThread "Compiler Class File Writer" daemon [_thread_blocked, id=107908, stack(0x0000005b45c00000,0x0000005b45d00000) (1024K)]
  0x0000018bfb1e8280 JavaThread "Compiler Class File Writer" daemon [_thread_blocked, id=60632, stack(0x0000005b45d00000,0x0000005b45e00000) (1024K)]
  0x0000018bfb1eb070 JavaThread "Compiler Class File Writer" daemon [_thread_blocked, id=41020, stack(0x0000005b45e00000,0x0000005b45f00000) (1024K)]
Total: 140

Other Threads:
  0x0000018bebf6afa0 VMThread "VM Thread"                           [id=97896, stack(0x0000005b3bc00000,0x0000005b3bd00000) (1024K)]
  0x0000018bd3faca00 WatcherThread "VM Periodic Task Thread"        [id=33228, stack(0x0000005b3bb00000,0x0000005b3bc00000) (1024K)]
  0x0000018bd4149980 WorkerThread "GC Thread#0"                     [id=48252, stack(0x0000005b3ba00000,0x0000005b3bb00000) (1024K)]
  0x0000018bf34a9380 WorkerThread "GC Thread#1"                     [id=36816, stack(0x0000005b3cc00000,0x0000005b3cd00000) (1024K)]
  0x0000018bf34a9730 WorkerThread "GC Thread#2"                     [id=15400, stack(0x0000005b3cd00000,0x0000005b3ce00000) (1024K)]
  0x0000018bf383f9e0 WorkerThread "GC Thread#3"                     [id=96440, stack(0x0000005b3ce00000,0x0000005b3cf00000) (1024K)]
  0x0000018bf383fd90 WorkerThread "GC Thread#4"                     [id=31372, stack(0x0000005b3cf00000,0x0000005b3d000000) (1024K)]
  0x0000018bf3592de0 WorkerThread "GC Thread#5"                     [id=109444, stack(0x0000005b3d000000,0x0000005b3d100000) (1024K)]
  0x0000018bf3593190 WorkerThread "GC Thread#6"                     [id=84844, stack(0x0000005b3d100000,0x0000005b3d200000) (1024K)]
  0x0000018bf37086c0 WorkerThread "GC Thread#7"                     [id=43248, stack(0x0000005b3d300000,0x0000005b3d400000) (1024K)]
  0x0000018bf3a9ce80 WorkerThread "GC Thread#8"                     [id=33208, stack(0x0000005b3d700000,0x0000005b3d800000) (1024K)]
  0x0000018bf3c9c3b0 WorkerThread "GC Thread#9"                     [id=90780, stack(0x0000005b3d800000,0x0000005b3d900000) (1024K)]
  0x0000018bf3c9c760 WorkerThread "GC Thread#10"                    [id=36808, stack(0x0000005b3d900000,0x0000005b3da00000) (1024K)]
  0x0000018bf3e12c30 WorkerThread "GC Thread#11"                    [id=6000, stack(0x0000005b3dc00000,0x0000005b3dd00000) (1024K)]
  0x0000018bf3e13af0 WorkerThread "GC Thread#12"                    [id=34652, stack(0x0000005b3dd00000,0x0000005b3de00000) (1024K)]
  0x0000018bf3e12fe0 WorkerThread "GC Thread#13"                    [id=20104, stack(0x0000005b3e000000,0x0000005b3e100000) (1024K)]
  0x0000018bf3e13ea0 WorkerThread "GC Thread#14"                    [id=36928, stack(0x0000005b3e100000,0x0000005b3e200000) (1024K)]
  0x0000018bf3e13390 WorkerThread "GC Thread#15"                    [id=7720, stack(0x0000005b3e300000,0x0000005b3e400000) (1024K)]
  0x0000018bf3e14250 WorkerThread "GC Thread#16"                    [id=109528, stack(0x0000005b3e400000,0x0000005b3e500000) (1024K)]
  0x0000018bf3e12880 WorkerThread "GC Thread#17"                    [id=121500, stack(0x0000005b3e600000,0x0000005b3e700000) (1024K)]
  0x0000018bf56ecb60 WorkerThread "GC Thread#18"                    [id=116656, stack(0x0000005b3eb00000,0x0000005b3ec00000) (1024K)]
  0x0000018bf56eb8f0 WorkerThread "GC Thread#19"                    [id=33124, stack(0x0000005b3ec00000,0x0000005b3ed00000) (1024K)]
Total: 22

Threads with active compile tasks:
C2 CompilerThread0  18015 16286       4       org.eclipse.jdt.internal.compiler.lookup.MethodVerifier::computeSubstituteMethod (351 bytes)
C1 CompilerThread0  18015 16304       3       org.eclipse.jdt.internal.compiler.lookup.MethodVerifier::computeInheritedMethods (1096 bytes)
C2 CompilerThread1  18015 16293       4       org.eclipse.jdt.internal.compiler.lookup.TypeBinding::findSuperTypeOriginatingFrom (754 bytes)
C1 CompilerThread1  18015 16306       3       org.eclipse.jdt.internal.compiler.lookup.MethodVerifier15::checkMethods (1164 bytes)
C2 CompilerThread3  18016 16290   !   4       org.eclipse.jdt.internal.compiler.lookup.BinaryTypeBinding::resolveTypesFor (295 bytes)
C2 CompilerThread4  18016 16260       4       org.eclipse.jdt.internal.compiler.lookup.Scope::getTypeOrPackage (1525 bytes)
C2 CompilerThread6  18016 16181       4       lombok.eclipse.EclipseAST::buildMethod (110 bytes)
Total: 7

VM state: at safepoint (normal execution)

VM Mutex/Monitor currently owned by a thread:  ([mutex/lock_event])
[0x00007ffb323be560] Threads_lock - owner thread: 0x0000018bebf6afa0
[0x00007ffb323be660] Heap_lock - owner thread: 0x0000018bf9f5a240

OutOfMemory and StackOverflow Exception counts:
StackOverflowErrors=2
LinkageErrors=176

Heap address: 0x0000000080000000, size: 2048 MB, Compressed Oops mode: 32-bit

CDS archive(s) mapped at: [0x0000018b80000000-0x0000018b80ba0000-0x0000018b80ba0000), size 12189696, SharedBaseAddress: 0x0000018b80000000, ArchiveRelocationMode: 1.
Compressed class space mapped at: 0x0000018b81000000-0x0000018bc1000000, reserved size: 1073741824
Narrow klass base: 0x0000018b80000000, Narrow klass shift: 0, Narrow klass range: 0x100000000

GC Precious Log:
 CardTable entry size: 512
 CPUs: 28 total, 28 available
 Memory: 32496M
 Large Page Support: Disabled
 NUMA Support: Disabled
 Compressed Oops: Enabled (32-bit)
 Alignments: Space 512K, Generation 512K, Heap 2M
 Heap Min Capacity: 100M
 Heap Initial Capacity: 100M
 Heap Max Capacity: 2G
 Pre-touch: Disabled
 Parallel Workers: 20

Heap:
 PSYoungGen      total 2560K, used 2171K [0x00000000d5580000, 0x00000000d5980000, 0x0000000100000000)
  eden space 1536K, 99% used [0x00000000d5580000,0x00000000d56fffd0,0x00000000d5700000)
  from space 1024K, 62% used [0x00000000d5880000,0x00000000d591ed50,0x00000000d5980000)
  to   space 1024K, 78% used [0x00000000d5780000,0x00000000d5848010,0x00000000d5880000)
 ParOldGen       total 238080K, used 237595K [0x0000000080000000, 0x000000008e880000, 0x00000000d5580000)
  object space 238080K, 99% used [0x0000000080000000,0x000000008e806e00,0x000000008e880000)
 Metaspace       used 78239K, committed 79936K, reserved 1179648K
  class space    used 8218K, committed 8960K, reserved 1048576K

Card table byte_map: [0x0000018bd3ac0000,0x0000018bd3ed0000] _byte_map_base: 0x0000018bd36c0000

Marking Bits: (ParMarkBitMap*) 0x00007ffb323c3450
 Begin Bits: [0x0000018be65d0000, 0x0000018be85d0000)
 End Bits:   [0x0000018be85d0000, 0x0000018bea5d0000)

Polling page: 0x0000018bd1e10000

Metaspace:

Usage:
  Non-class:     68.38 MB used.
      Class:      8.03 MB used.
       Both:     76.41 MB used.

Virtual space:
  Non-class space:      128.00 MB reserved,      69.31 MB ( 54%) committed,  2 nodes.
      Class space:        1.00 GB reserved,       8.75 MB ( <1%) committed,  1 nodes.
             Both:        1.12 GB reserved,      78.06 MB (  7%) committed. 

Chunk freelists:
   Non-Class:  10.05 MB
       Class:  7.29 MB
        Both:  17.34 MB

MaxMetaspaceSize: unlimited
CompressedClassSpaceSize: 1.00 GB
Initial GC threshold: 21.00 MB
Current GC threshold: 97.31 MB
CDS: on
 - commit_granule_bytes: 65536.
 - commit_granule_words: 8192.
 - virtual_space_node_default_size: 8388608.
 - enlarge_chunks_in_place: 1.
 - use_allocation_guard: 0.


Internal statistics:

num_allocs_failed_limit: 9.
num_arena_births: 1650.
num_arena_deaths: 22.
num_vsnodes_births: 3.
num_vsnodes_deaths: 0.
num_space_committed: 1249.
num_space_uncommitted: 0.
num_chunks_returned_to_freelist: 35.
num_chunks_taken_from_freelist: 5035.
num_chunk_merges: 19.
num_chunk_splits: 3199.
num_chunks_enlarged: 1947.
num_inconsistent_stats: 0.

CodeHeap 'non-profiled nmethods': size=119168Kb used=13710Kb max_used=13710Kb free=105457Kb
 bounds [0x0000018bdeec0000, 0x0000018bdfc30000, 0x0000018be6320000]
CodeHeap 'profiled nmethods': size=119104Kb used=37868Kb max_used=37868Kb free=81235Kb
 bounds [0x0000018bd7320000, 0x0000018bd9820000, 0x0000018bde770000]
CodeHeap 'non-nmethods': size=7488Kb used=3539Kb max_used=3655Kb free=3948Kb
 bounds [0x0000018bde770000, 0x0000018bdeb10000, 0x0000018bdeec0000]
CodeCache: size=245760Kb, used=55117Kb, max_used=55233Kb, free=190640Kb
 total_blobs=16466, nmethods=15547, adapters=820, full_count=0
Compilation: enabled, stopped_count=0, restarted_count=0

Compilation events (20 events):
Event: 17.913 Thread 0x0000018bebf6ca40 16250       3       org.eclipse.jdt.internal.compiler.ast.ASTNode::isTypeUseDeprecated (254 bytes)
Event: 17.913 Thread 0x0000018bf5099760 nmethod 16247 0x0000018bdfc16110 code [0x0000018bdfc162a0, 0x0000018bdfc16350]
Event: 17.913 Thread 0x0000018bf67f8c50 nmethod 16249 0x0000018bd97dbb90 code [0x0000018bd97dbd60, 0x0000018bd97dc098]
Event: 17.914 Thread 0x0000018bf67f6370 nmethod 16248 0x0000018bd97dc290 code [0x0000018bd97dc520, 0x0000018bd97dd558]
Event: 17.914 Thread 0x0000018bf67f77e0 16251       3       org.eclipse.jdt.internal.compiler.ast.SingleTypeReference::getTypeBinding (147 bytes)
Event: 17.914 Thread 0x0000018bf67f7eb0 16252       4       org.eclipse.jdt.internal.compiler.lookup.BinaryTypeBinding::maybeSortedMemberTypes (55 bytes)
Event: 17.914 Thread 0x0000018bf67f9320 16253       4       org.eclipse.jdt.internal.compiler.lookup.BinaryTypeBinding::getMemberType (170 bytes)
Event: 17.915 Thread 0x0000018bf67f77e0 nmethod 16251 0x0000018bd97dd910 code [0x0000018bd97ddba0, 0x0000018bd97dec90]
Event: 17.915 Thread 0x0000018bf67f6370 16254       1       org.eclipse.jdt.internal.compiler.lookup.AnnotationBinding::getAnnotationType (5 bytes)
Event: 17.915 Thread 0x0000018bf67f6370 nmethod 16254 0x0000018bdfc16410 code [0x0000018bdfc165a0, 0x0000018bdfc16668]
Event: 17.915 Thread 0x0000018bf5099760 16255       4       org.eclipse.jdt.internal.compiler.lookup.ReferenceBinding::hasRestrictedAccess (15 bytes)
Event: 17.915 Thread 0x0000018bebf6ca40 nmethod 16250 0x0000018bd97def90 code [0x0000018bd97df380, 0x0000018bd97e1438]
Event: 17.916 Thread 0x0000018bf67f7eb0 nmethod 16252 0x0000018bdfc16710 code [0x0000018bdfc168a0, 0x0000018bdfc169a0]
Event: 17.916 Thread 0x0000018bf5099760 nmethod 16255 0x0000018bdfc16a90 code [0x0000018bdfc16c20, 0x0000018bdfc16cd0]
Event: 17.920 Thread 0x0000018bf67f7eb0 16256       4       java.lang.invoke.LambdaForm$MH/0x0000018b81172400::invoke (27 bytes)
Event: 17.921 Thread 0x0000018bebf6ca40 16257       3       org.eclipse.jdt.internal.compiler.lookup.ParameterizedTypeBinding::boundCheck (167 bytes)
Event: 17.922 Thread 0x0000018bf67f7eb0 nmethod 16256 0x0000018bdfc16d90 code [0x0000018bdfc16f40, 0x0000018bdfc17070]
Event: 17.922 Thread 0x0000018bebf6ca40 nmethod 16257 0x0000018bd97e1e90 code [0x0000018bd97e20c0, 0x0000018bd97e2940]
Event: 17.922 Thread 0x0000018bf67f8c50 16258   !   3       org.eclipse.jdt.internal.compiler.lookup.Scope::getBinding (1577 bytes)
Event: 17.927 Thread 0x0000018bf5099760 16259       4       org.eclipse.jdt.internal.compiler.lookup.ReferenceBinding::getMemberType (21 bytes)

GC Heap History (20 events):
Event: 17.766 GC heap before
{Heap before GC invocations=323 (full 3):
 PSYoungGen      total 2560K, used 2336K [0x00000000d5580000, 0x00000000d5980000, 0x0000000100000000)
  eden space 1536K, 100% used [0x00000000d5580000,0x00000000d5700000,0x00000000d5700000)
  from space 1024K, 78% used [0x00000000d5700000,0x00000000d57c8000,0x00000000d5800000)
  to   space 1024K, 0% used [0x00000000d5880000,0x00000000d5880000,0x00000000d5980000)
 ParOldGen       total 231936K, used 231116K [0x0000000080000000, 0x000000008e280000, 0x00000000d5580000)
  object space 231936K, 99% used [0x0000000080000000,0x000000008e1b3278,0x000000008e280000)
 Metaspace       used 78099K, committed 79808K, reserved 1179648K
  class space    used 8212K, committed 8960K, reserved 1048576K
}
Event: 17.768 GC heap after
{Heap after GC invocations=323 (full 3):
 PSYoungGen      total 3072K, used 694K [0x00000000d5580000, 0x00000000d5980000, 0x0000000100000000)
  eden space 2048K, 0% used [0x00000000d5580000,0x00000000d5580000,0x00000000d5780000)
  from space 1024K, 67% used [0x00000000d5880000,0x00000000d592d8c8,0x00000000d5980000)
  to   space 1024K, 0% used [0x00000000d5780000,0x00000000d5780000,0x00000000d5880000)
 ParOldGen       total 231936K, used 231649K [0x0000000080000000, 0x000000008e280000, 0x00000000d5580000)
  object space 231936K, 99% used [0x0000000080000000,0x000000008e238408,0x000000008e280000)
 Metaspace       used 78099K, committed 79808K, reserved 1179648K
  class space    used 8212K, committed 8960K, reserved 1048576K
}
Event: 17.777 GC heap before
{Heap before GC invocations=324 (full 3):
 PSYoungGen      total 3072K, used 2742K [0x00000000d5580000, 0x00000000d5980000, 0x0000000100000000)
  eden space 2048K, 100% used [0x00000000d5580000,0x00000000d5780000,0x00000000d5780000)
  from space 1024K, 67% used [0x00000000d5880000,0x00000000d592d8c8,0x00000000d5980000)
  to   space 1024K, 0% used [0x00000000d5780000,0x00000000d5780000,0x00000000d5880000)
 ParOldGen       total 231936K, used 231649K [0x0000000080000000, 0x000000008e280000, 0x00000000d5580000)
  object space 231936K, 99% used [0x0000000080000000,0x000000008e238408,0x000000008e280000)
 Metaspace       used 78122K, committed 79808K, reserved 1179648K
  class space    used 8218K, committed 8960K, reserved 1048576K
}
Event: 17.780 GC heap after
{Heap after GC invocations=324 (full 3):
 PSYoungGen      total 3072K, used 608K [0x00000000d5580000, 0x00000000d5a00000, 0x0000000100000000)
  eden space 2048K, 0% used [0x00000000d5580000,0x00000000d5580000,0x00000000d5780000)
  from space 1024K, 59% used [0x00000000d5780000,0x00000000d5818000,0x00000000d5880000)
  to   space 1024K, 0% used [0x00000000d5900000,0x00000000d5900000,0x00000000d5a00000)
 ParOldGen       total 233472K, used 233175K [0x0000000080000000, 0x000000008e400000, 0x00000000d5580000)
  object space 233472K, 99% used [0x0000000080000000,0x000000008e3b5ce0,0x000000008e400000)
 Metaspace       used 78122K, committed 79808K, reserved 1179648K
  class space    used 8218K, committed 8960K, reserved 1048576K
}
Event: 17.786 GC heap before
{Heap before GC invocations=325 (full 3):
 PSYoungGen      total 3072K, used 2656K [0x00000000d5580000, 0x00000000d5a00000, 0x0000000100000000)
  eden space 2048K, 100% used [0x00000000d5580000,0x00000000d5780000,0x00000000d5780000)
  from space 1024K, 59% used [0x00000000d5780000,0x00000000d5818000,0x00000000d5880000)
  to   space 1024K, 0% used [0x00000000d5900000,0x00000000d5900000,0x00000000d5a00000)
 ParOldGen       total 233472K, used 233175K [0x0000000080000000, 0x000000008e400000, 0x00000000d5580000)
  object space 233472K, 99% used [0x0000000080000000,0x000000008e3b5ce0,0x000000008e400000)
 Metaspace       used 78124K, committed 79808K, reserved 1179648K
  class space    used 8218K, committed 8960K, reserved 1048576K
}
Event: 17.788 GC heap after
{Heap after GC invocations=325 (full 3):
 PSYoungGen      total 2560K, used 1024K [0x00000000d5580000, 0x00000000d5c00000, 0x0000000100000000)
  eden space 1536K, 0% used [0x00000000d5580000,0x00000000d5580000,0x00000000d5700000)
  from space 1024K, 100% used [0x00000000d5900000,0x00000000d5a00000,0x00000000d5a00000)
  to   space 2048K, 0% used [0x00000000d5700000,0x00000000d5700000,0x00000000d5900000)
 ParOldGen       total 233984K, used 233575K [0x0000000080000000, 0x000000008e480000, 0x00000000d5580000)
  object space 233984K, 99% used [0x0000000080000000,0x000000008e419ce0,0x000000008e480000)
 Metaspace       used 78124K, committed 79808K, reserved 1179648K
  class space    used 8218K, committed 8960K, reserved 1048576K
}
Event: 17.792 GC heap before
{Heap before GC invocations=326 (full 3):
 PSYoungGen      total 2560K, used 2560K [0x00000000d5580000, 0x00000000d5c00000, 0x0000000100000000)
  eden space 1536K, 100% used [0x00000000d5580000,0x00000000d5700000,0x00000000d5700000)
  from space 1024K, 100% used [0x00000000d5900000,0x00000000d5a00000,0x00000000d5a00000)
  to   space 2048K, 0% used [0x00000000d5700000,0x00000000d5700000,0x00000000d5900000)
 ParOldGen       total 233984K, used 233575K [0x0000000080000000, 0x000000008e480000, 0x00000000d5580000)
  object space 233984K, 99% used [0x0000000080000000,0x000000008e419ce0,0x000000008e480000)
 Metaspace       used 78124K, committed 79808K, reserved 1179648K
  class space    used 8218K, committed 8960K, reserved 1048576K
}
Event: 17.794 GC heap after
{Heap after GC invocations=326 (full 3):
 PSYoungGen      total 3584K, used 832K [0x00000000d5580000, 0x00000000d5a80000, 0x0000000100000000)
  eden space 1536K, 0% used [0x00000000d5580000,0x00000000d5580000,0x00000000d5700000)
  from space 2048K, 40% used [0x00000000d5700000,0x00000000d57d0000,0x00000000d5900000)
  to   space 1536K, 0% used [0x00000000d5900000,0x00000000d5900000,0x00000000d5a80000)
 ParOldGen       total 234496K, used 234407K [0x0000000080000000, 0x000000008e500000, 0x00000000d5580000)
  object space 234496K, 99% used [0x0000000080000000,0x000000008e4e9ce0,0x000000008e500000)
 Metaspace       used 78124K, committed 79808K, reserved 1179648K
  class space    used 8218K, committed 8960K, reserved 1048576K
}
Event: 17.829 GC heap before
{Heap before GC invocations=327 (full 3):
 PSYoungGen      total 3584K, used 2368K [0x00000000d5580000, 0x00000000d5a80000, 0x0000000100000000)
  eden space 1536K, 100% used [0x00000000d5580000,0x00000000d5700000,0x00000000d5700000)
  from space 2048K, 40% used [0x00000000d5700000,0x00000000d57d0000,0x00000000d5900000)
  to   space 1536K, 0% used [0x00000000d5900000,0x00000000d5900000,0x00000000d5a80000)
 ParOldGen       total 234496K, used 234407K [0x0000000080000000, 0x000000008e500000, 0x00000000d5580000)
  object space 234496K, 99% used [0x0000000080000000,0x000000008e4e9ce0,0x000000008e500000)
 Metaspace       used 78125K, committed 79808K, reserved 1179648K
  class space    used 8218K, committed 8960K, reserved 1048576K
}
Event: 17.830 GC heap after
{Heap after GC invocations=327 (full 3):
 PSYoungGen      total 2560K, used 896K [0x00000000d5580000, 0x00000000d5a00000, 0x0000000100000000)
  eden space 1536K, 0% used [0x00000000d5580000,0x00000000d5580000,0x00000000d5700000)
  from space 1024K, 87% used [0x00000000d5900000,0x00000000d59e0000,0x00000000d5a00000)
  to   space 1024K, 0% used [0x00000000d5800000,0x00000000d5800000,0x00000000d5900000)
 ParOldGen       total 235520K, used 235047K [0x0000000080000000, 0x000000008e600000, 0x00000000d5580000)
  object space 235520K, 99% used [0x0000000080000000,0x000000008e589ce0,0x000000008e600000)
 Metaspace       used 78125K, committed 79808K, reserved 1179648K
  class space    used 8218K, committed 8960K, reserved 1048576K
}
Event: 17.844 GC heap before
{Heap before GC invocations=328 (full 3):
 PSYoungGen      total 2560K, used 2431K [0x00000000d5580000, 0x00000000d5a00000, 0x0000000100000000)
  eden space 1536K, 99% used [0x00000000d5580000,0x00000000d56ffff0,0x00000000d5700000)
  from space 1024K, 87% used [0x00000000d5900000,0x00000000d59e0000,0x00000000d5a00000)
  to   space 1024K, 0% used [0x00000000d5800000,0x00000000d5800000,0x00000000d5900000)
 ParOldGen       total 235520K, used 235047K [0x0000000080000000, 0x000000008e600000, 0x00000000d5580000)
  object space 235520K, 99% used [0x0000000080000000,0x000000008e589ce0,0x000000008e600000)
 Metaspace       used 78135K, committed 79808K, reserved 1179648K
  class space    used 8218K, committed 8960K, reserved 1048576K
}
Event: 17.846 GC heap after
{Heap after GC invocations=328 (full 3):
 PSYoungGen      total 2560K, used 544K [0x00000000d5580000, 0x00000000d5980000, 0x0000000100000000)
  eden space 1536K, 0% used [0x00000000d5580000,0x00000000d5580000,0x00000000d5700000)
  from space 1024K, 53% used [0x00000000d5800000,0x00000000d5888000,0x00000000d5900000)
  to   space 512K, 0% used [0x00000000d5900000,0x00000000d5900000,0x00000000d5980000)
 ParOldGen       total 236032K, used 235687K [0x0000000080000000, 0x000000008e680000, 0x00000000d5580000)
  object space 236032K, 99% used [0x0000000080000000,0x000000008e629ce0,0x000000008e680000)
 Metaspace       used 78135K, committed 79808K, reserved 1179648K
  class space    used 8218K, committed 8960K, reserved 1048576K
}
Event: 17.858 GC heap before
{Heap before GC invocations=329 (full 3):
 PSYoungGen      total 2560K, used 2078K [0x00000000d5580000, 0x00000000d5980000, 0x0000000100000000)
  eden space 1536K, 99% used [0x00000000d5580000,0x00000000d56ffb68,0x00000000d5700000)
  from space 1024K, 53% used [0x00000000d5800000,0x00000000d5888000,0x00000000d5900000)
  to   space 512K, 0% used [0x00000000d5900000,0x00000000d5900000,0x00000000d5980000)
 ParOldGen       total 236032K, used 235687K [0x0000000080000000, 0x000000008e680000, 0x00000000d5580000)
  object space 236032K, 99% used [0x0000000080000000,0x000000008e629ce0,0x000000008e680000)
 Metaspace       used 78136K, committed 79808K, reserved 1179648K
  class space    used 8218K, committed 8960K, reserved 1048576K
}
Event: 17.860 GC heap after
{Heap after GC invocations=329 (full 3):
 PSYoungGen      total 2048K, used 448K [0x00000000d5580000, 0x00000000d5980000, 0x0000000100000000)
  eden space 1536K, 0% used [0x00000000d5580000,0x00000000d5580000,0x00000000d5700000)
  from space 512K, 87% used [0x00000000d5900000,0x00000000d5970000,0x00000000d5980000)
  to   space 512K, 0% used [0x00000000d5880000,0x00000000d5880000,0x00000000d5900000)
 ParOldGen       total 236544K, used 236068K [0x0000000080000000, 0x000000008e700000, 0x00000000d5580000)
  object space 236544K, 99% used [0x0000000080000000,0x000000008e6892c8,0x000000008e700000)
 Metaspace       used 78136K, committed 79808K, reserved 1179648K
  class space    used 8218K, committed 8960K, reserved 1048576K
}
Event: 17.881 GC heap before
{Heap before GC invocations=330 (full 3):
 PSYoungGen      total 2048K, used 1984K [0x00000000d5580000, 0x00000000d5980000, 0x0000000100000000)
  eden space 1536K, 100% used [0x00000000d5580000,0x00000000d5700000,0x00000000d5700000)
  from space 512K, 87% used [0x00000000d5900000,0x00000000d5970000,0x00000000d5980000)
  to   space 512K, 0% used [0x00000000d5880000,0x00000000d5880000,0x00000000d5900000)
 ParOldGen       total 236544K, used 236068K [0x0000000080000000, 0x000000008e700000, 0x00000000d5580000)
  object space 236544K, 99% used [0x0000000080000000,0x000000008e6892c8,0x000000008e700000)
 Metaspace       used 78136K, committed 79808K, reserved 1179648K
  class space    used 8218K, committed 8960K, reserved 1048576K
}
Event: 17.882 GC heap after
{Heap after GC invocations=330 (full 3):
 PSYoungGen      total 2048K, used 512K [0x00000000d5580000, 0x00000000d5980000, 0x0000000100000000)
  eden space 1536K, 0% used [0x00000000d5580000,0x00000000d5580000,0x00000000d5700000)
  from space 512K, 100% used [0x00000000d5880000,0x00000000d5900000,0x00000000d5900000)
  to   space 512K, 0% used [0x00000000d5900000,0x00000000d5900000,0x00000000d5980000)
 ParOldGen       total 236544K, used 236235K [0x0000000080000000, 0x000000008e700000, 0x00000000d5580000)
  object space 236544K, 99% used [0x0000000080000000,0x000000008e6b2c30,0x000000008e700000)
 Metaspace       used 78136K, committed 79808K, reserved 1179648K
  class space    used 8218K, committed 8960K, reserved 1048576K
}
Event: 17.911 GC heap before
{Heap before GC invocations=331 (full 3):
 PSYoungGen      total 2048K, used 2048K [0x00000000d5580000, 0x00000000d5980000, 0x0000000100000000)
  eden space 1536K, 100% used [0x00000000d5580000,0x00000000d5700000,0x00000000d5700000)
  from space 512K, 100% used [0x00000000d5880000,0x00000000d5900000,0x00000000d5900000)
  to   space 512K, 0% used [0x00000000d5900000,0x00000000d5900000,0x00000000d5980000)
 ParOldGen       total 236544K, used 236235K [0x0000000080000000, 0x000000008e700000, 0x00000000d5580000)
  object space 236544K, 99% used [0x0000000080000000,0x000000008e6b2c30,0x000000008e700000)
 Metaspace       used 78147K, committed 79808K, reserved 1179648K
  class space    used 8218K, committed 8960K, reserved 1048576K
}
Event: 17.911 GC heap after
{Heap after GC invocations=331 (full 3):
 PSYoungGen      total 2048K, used 512K [0x00000000d5580000, 0x00000000d5980000, 0x0000000100000000)
  eden space 1536K, 0% used [0x00000000d5580000,0x00000000d5580000,0x00000000d5700000)
  from space 512K, 100% used [0x00000000d5900000,0x00000000d5980000,0x00000000d5980000)
  to   space 1024K, 0% used [0x00000000d5780000,0x00000000d5780000,0x00000000d5880000)
 ParOldGen       total 236544K, used 236539K [0x0000000080000000, 0x000000008e700000, 0x00000000d5580000)
  object space 236544K, 99% used [0x0000000080000000,0x000000008e6fee80,0x000000008e700000)
 Metaspace       used 78147K, committed 79808K, reserved 1179648K
  class space    used 8218K, committed 8960K, reserved 1048576K
}
Event: 17.923 GC heap before
{Heap before GC invocations=332 (full 3):
 PSYoungGen      total 2048K, used 2048K [0x00000000d5580000, 0x00000000d5980000, 0x0000000100000000)
  eden space 1536K, 100% used [0x00000000d5580000,0x00000000d5700000,0x00000000d5700000)
  from space 512K, 100% used [0x00000000d5900000,0x00000000d5980000,0x00000000d5980000)
  to   space 1024K, 0% used [0x00000000d5780000,0x00000000d5780000,0x00000000d5880000)
 ParOldGen       total 236544K, used 236539K [0x0000000080000000, 0x000000008e700000, 0x00000000d5580000)
  object space 236544K, 99% used [0x0000000080000000,0x000000008e6fee80,0x000000008e700000)
 Metaspace       used 78149K, committed 79808K, reserved 1179648K
  class space    used 8218K, committed 8960K, reserved 1048576K
}
Event: 17.924 GC heap after
{Heap after GC invocations=332 (full 3):
 PSYoungGen      total 2560K, used 704K [0x00000000d5580000, 0x00000000d5980000, 0x0000000100000000)
  eden space 1536K, 0% used [0x00000000d5580000,0x00000000d5580000,0x00000000d5700000)
  from space 1024K, 68% used [0x00000000d5780000,0x00000000d5830000,0x00000000d5880000)
  to   space 1024K, 0% used [0x00000000d5880000,0x00000000d5880000,0x00000000d5980000)
 ParOldGen       total 237056K, used 236874K [0x0000000080000000, 0x000000008e780000, 0x00000000d5580000)
  object space 237056K, 99% used [0x0000000080000000,0x000000008e7529f0,0x000000008e780000)
 Metaspace       used 78149K, committed 79808K, reserved 1179648K
  class space    used 8218K, committed 8960K, reserved 1048576K
}

Dll operation events (14 events):
Event: 0.024 Loaded shared library c:\Users\DBR2\.antigravity\extensions\redhat.java-1.54.0-win32-x64\jre\21.0.10-win32-x86_64\bin\java.dll
Event: 0.094 Loaded shared library c:\Users\DBR2\.antigravity\extensions\redhat.java-1.54.0-win32-x64\jre\21.0.10-win32-x86_64\bin\zip.dll
Event: 0.115 Loaded shared library C:\Users\DBR2\.antigravity\extensions\redhat.java-1.54.0-win32-x64\jre\21.0.10-win32-x86_64\bin\instrument.dll
Event: 0.129 Loaded shared library C:\Users\DBR2\.antigravity\extensions\redhat.java-1.54.0-win32-x64\jre\21.0.10-win32-x86_64\bin\net.dll
Event: 0.140 Loaded shared library C:\Users\DBR2\.antigravity\extensions\redhat.java-1.54.0-win32-x64\jre\21.0.10-win32-x86_64\bin\nio.dll
Event: 0.145 Loaded shared library C:\Users\DBR2\.antigravity\extensions\redhat.java-1.54.0-win32-x64\jre\21.0.10-win32-x86_64\bin\zip.dll
Event: 0.167 Loaded shared library C:\Users\DBR2\.antigravity\extensions\redhat.java-1.54.0-win32-x64\jre\21.0.10-win32-x86_64\bin\jimage.dll
Event: 0.245 Loaded shared library c:\Users\DBR2\.antigravity\extensions\redhat.java-1.54.0-win32-x64\jre\21.0.10-win32-x86_64\bin\verify.dll
Event: 1.091 Loaded shared library C:\Users\DBR2\AppData\Roaming\Antigravity\User\globalStorage\redhat.java\1.54.0\config_win\org.eclipse.equinox.launcher\org.eclipse.equinox.launcher.win32.win32.x86_64_1.3.0.v20260203-2149\eclipse_11919.dll
Event: 3.696 Loaded shared library C:\Users\DBR2\.antigravity\extensions\redhat.java-1.54.0-win32-x64\jre\21.0.10-win32-x86_64\bin\management.dll
Event: 3.701 Loaded shared library C:\Users\DBR2\.antigravity\extensions\redhat.java-1.54.0-win32-x64\jre\21.0.10-win32-x86_64\bin\management_ext.dll
Event: 4.502 Loaded shared library C:\Users\DBR2\AppData\Local\Temp\jna-2091806\jna11277051751691664117.dll
Event: 4.784 Loaded shared library C:\Users\DBR2\.antigravity\extensions\redhat.java-1.54.0-win32-x64\jre\21.0.10-win32-x86_64\bin\sunmscapi.dll
Event: 4.875 Loaded shared library C:\Users\DBR2\.antigravity\extensions\redhat.java-1.54.0-win32-x64\jre\21.0.10-win32-x86_64\bin\extnet.dll

Deoptimization events (20 events):
Event: 17.920 Thread 0x0000018bf9f5a240 DEOPT PACKING pc=0x0000018bd903a5b5 sp=0x0000005b444fe7f0
Event: 17.920 Thread 0x0000018bf9f5a240 DEOPT UNPACKING pc=0x0000018bde7c4242 sp=0x0000005b444fdc78 mode 0
Event: 17.921 Thread 0x0000018bf9f5a240 DEOPT PACKING pc=0x0000018bd903a5b5 sp=0x0000005b444fe7f0
Event: 17.921 Thread 0x0000018bf9f5a240 DEOPT UNPACKING pc=0x0000018bde7c4242 sp=0x0000005b444fdc78 mode 0
Event: 17.922 Thread 0x0000018bf9f5a240 DEOPT PACKING pc=0x0000018bd903a5b5 sp=0x0000005b444fe7f0
Event: 17.922 Thread 0x0000018bf9f5a240 DEOPT UNPACKING pc=0x0000018bde7c4242 sp=0x0000005b444fdc78 mode 0
Event: 17.922 Thread 0x0000018bf9f5a240 DEOPT PACKING pc=0x0000018bd903a5b5 sp=0x0000005b444fe7f0
Event: 17.922 Thread 0x0000018bf9f5a240 DEOPT UNPACKING pc=0x0000018bde7c4242 sp=0x0000005b444fdc78 mode 0
Event: 17.925 Thread 0x0000018bf9f5a240 DEOPT PACKING pc=0x0000018bd903a5b5 sp=0x0000005b444fe7f0
Event: 17.925 Thread 0x0000018bf9f5a240 DEOPT UNPACKING pc=0x0000018bde7c4242 sp=0x0000005b444fdc78 mode 0
Event: 17.927 Thread 0x0000018bf9f5a240 DEOPT PACKING pc=0x0000018bd903a5b5 sp=0x0000005b444fe7f0
Event: 17.927 Thread 0x0000018bf9f5a240 DEOPT UNPACKING pc=0x0000018bde7c4242 sp=0x0000005b444fdc78 mode 0
Event: 17.927 Thread 0x0000018bf9f5a240 DEOPT PACKING pc=0x0000018bd903a5b5 sp=0x0000005b444fe7f0
Event: 17.927 Thread 0x0000018bf9f5a240 DEOPT UNPACKING pc=0x0000018bde7c4242 sp=0x0000005b444fdc78 mode 0
Event: 17.928 Thread 0x0000018bf9f5a240 DEOPT PACKING pc=0x0000018bd903a5b5 sp=0x0000005b444fe7f0
Event: 17.928 Thread 0x0000018bf9f5a240 DEOPT UNPACKING pc=0x0000018bde7c4242 sp=0x0000005b444fdc78 mode 0
Event: 17.928 Thread 0x0000018bf9f5a240 DEOPT PACKING pc=0x0000018bd903a5b5 sp=0x0000005b444fe7f0
Event: 17.928 Thread 0x0000018bf9f5a240 DEOPT UNPACKING pc=0x0000018bde7c4242 sp=0x0000005b444fdc78 mode 0
Event: 17.928 Thread 0x0000018bf9f5a240 DEOPT PACKING pc=0x0000018bd903a5b5 sp=0x0000005b444fe7f0
Event: 17.928 Thread 0x0000018bf9f5a240 DEOPT UNPACKING pc=0x0000018bde7c4242 sp=0x0000005b444fdc78 mode 0

Classes loaded (20 events):
Event: 15.391 Loading class java/util/stream/ReduceOps$4ReducingSink
Event: 15.391 Loading class java/util/stream/ReduceOps$4ReducingSink done
Event: 15.393 Loading class java/nio/file/Files$2
Event: 15.393 Loading class java/nio/file/Files$2 done
Event: 15.615 Loading class java/util/concurrent/ArrayBlockingQueue
Event: 15.615 Loading class java/util/concurrent/ArrayBlockingQueue done
Event: 15.727 Loading class java/util/Hashtable$ValueCollection
Event: 15.728 Loading class java/util/Hashtable$ValueCollection done
Event: 15.733 Loading class java/util/concurrent/ConcurrentHashMap$KeySpliterator
Event: 15.733 Loading class java/util/concurrent/ConcurrentHashMap$KeySpliterator done
Event: 15.756 Loading class java/util/stream/ReferencePipeline$4
Event: 15.757 Loading class java/util/stream/ReferencePipeline$4 done
Event: 15.757 Loading class java/util/stream/Nodes$IntFixedNodeBuilder
Event: 15.757 Loading class java/util/stream/Node$Builder$OfInt
Event: 15.757 Loading class java/util/stream/Node$Builder$OfInt done
Event: 15.757 Loading class java/util/stream/Nodes$IntArrayNode
Event: 15.757 Loading class java/util/stream/Nodes$IntArrayNode done
Event: 15.757 Loading class java/util/stream/Nodes$IntFixedNodeBuilder done
Event: 15.758 Loading class java/util/stream/ReferencePipeline$4$1
Event: 15.758 Loading class java/util/stream/ReferencePipeline$4$1 done

Classes unloaded (11 events):
Event: 4.073 Thread 0x0000018bebf6afa0 Unloading class 0x0000018b811a8c00 'java/lang/invoke/LambdaForm$MH+0x0000018b811a8c00'
Event: 4.073 Thread 0x0000018bebf6afa0 Unloading class 0x0000018b811a8800 'java/lang/invoke/LambdaForm$MH+0x0000018b811a8800'
Event: 4.073 Thread 0x0000018bebf6afa0 Unloading class 0x0000018b811a8400 'java/lang/invoke/LambdaForm$MH+0x0000018b811a8400'
Event: 4.073 Thread 0x0000018bebf6afa0 Unloading class 0x0000018b811a8000 'java/lang/invoke/LambdaForm$MH+0x0000018b811a8000'
Event: 4.073 Thread 0x0000018bebf6afa0 Unloading class 0x0000018b811a7c00 'java/lang/invoke/LambdaForm$BMH+0x0000018b811a7c00'
Event: 4.073 Thread 0x0000018bebf6afa0 Unloading class 0x0000018b811a7800 'java/lang/invoke/LambdaForm$DMH+0x0000018b811a7800'
Event: 4.073 Thread 0x0000018bebf6afa0 Unloading class 0x0000018b811a6400 'java/lang/invoke/LambdaForm$DMH+0x0000018b811a6400'
Event: 10.833 Thread 0x0000018bebf6afa0 Unloading class 0x0000018b81645000 'java/lang/invoke/LambdaForm$DMH+0x0000018b81645000'
Event: 10.833 Thread 0x0000018bebf6afa0 Unloading class 0x0000018b81644c00 'java/lang/invoke/LambdaForm$DMH+0x0000018b81644c00'
Event: 10.833 Thread 0x0000018bebf6afa0 Unloading class 0x0000018b81644800 'java/lang/invoke/LambdaForm$DMH+0x0000018b81644800'
Event: 10.833 Thread 0x0000018bebf6afa0 Unloading class 0x0000018b81644000 'java/lang/invoke/LambdaForm$DMH+0x0000018b81644000'

Classes redefined (0 events):
No events

Internal exceptions (20 events):
Event: 15.735 Thread 0x0000018bf3f44b80 Exception <a 'java/lang/NoSuchMethodError'{0x00000000d56c80e0}: 'java.lang.Object java.lang.invoke.DirectMethodHandle$Holder.newInvokeSpecial(java.lang.Object, java.lang.Object, int, int, java.lang.Object)'> (0x00000000d56c80e0) 
thrown [s\src\hotspot\share\interpreter\linkResolver.cpp, line 773]
Event: 15.776 Thread 0x0000018bf9f5a240 Implicit null exception at 0x0000018bdf6d04cf to 0x0000018bdf6d0634
Event: 15.957 Thread 0x0000018bf3f44b80 Exception <a 'java/io/IOException'{0x00000000d564c9c8}> (0x00000000d564c9c8) 
thrown [s\src\hotspot\share\prims\jni.cpp, line 520]
Event: 15.957 Thread 0x0000018bf3f44b80 Exception <a 'java/io/IOException'{0x00000000d56ddb80}> (0x00000000d56ddb80) 
thrown [s\src\hotspot\share\prims\jni.cpp, line 520]
Event: 16.162 Thread 0x0000018bf3f44b80 Exception <a 'java/io/IOException'{0x00000000d56457b8}> (0x00000000d56457b8) 
thrown [s\src\hotspot\share\prims\jni.cpp, line 520]
Event: 16.164 Thread 0x0000018bf3f44b80 Exception <a 'java/io/IOException'{0x00000000d56c0490}> (0x00000000d56c0490) 
thrown [s\src\hotspot\share\prims\jni.cpp, line 520]
Event: 16.252 Thread 0x0000018bf9f5a240 Exception <a 'java/lang/NoSuchMethodError'{0x00000000d559e6b0}: 'java.lang.Object java.lang.invoke.DirectMethodHandle$Holder.newInvokeSpecial(java.lang.Object, int, java.lang.Object, java.lang.Object, java.lang.Object)'> (0x00000000d559e6b0) 
thrown [s\src\hotspot\share\interpreter\linkResolver.cpp, line 773]
Event: 16.254 Thread 0x0000018bf9f5a240 Exception <a 'java/lang/NoSuchMethodError'{0x00000000d55eb440}: 'void java.lang.invoke.DirectMethodHandle$Holder.invokeStatic(java.lang.Object, int, java.lang.Object)'> (0x00000000d55eb440) 
thrown [s\src\hotspot\share\interpreter\linkResolver.cpp, line 773]
Event: 16.364 Thread 0x0000018bf3f44b80 Exception <a 'java/io/IOException'{0x00000000d56930e8}> (0x00000000d56930e8) 
thrown [s\src\hotspot\share\prims\jni.cpp, line 520]
Event: 16.370 Thread 0x0000018bf3f44b80 Exception <a 'java/io/IOException'{0x00000000d56bdc48}> (0x00000000d56bdc48) 
thrown [s\src\hotspot\share\prims\jni.cpp, line 520]
Event: 16.588 Thread 0x0000018bf3f44b80 Exception <a 'java/io/IOException'{0x00000000d55f5ea0}> (0x00000000d55f5ea0) 
thrown [s\src\hotspot\share\prims\jni.cpp, line 520]
Event: 16.590 Thread 0x0000018bf3f44b80 Exception <a 'java/io/IOException'{0x00000000d56322e0}> (0x00000000d56322e0) 
thrown [s\src\hotspot\share\prims\jni.cpp, line 520]
Event: 16.812 Thread 0x0000018bf3f44b80 Exception <a 'java/io/IOException'{0x00000000d55d7b40}> (0x00000000d55d7b40) 
thrown [s\src\hotspot\share\prims\jni.cpp, line 520]
Event: 16.816 Thread 0x0000018bf3f44b80 Exception <a 'java/io/IOException'{0x00000000d5614028}> (0x00000000d5614028) 
thrown [s\src\hotspot\share\prims\jni.cpp, line 520]
Event: 17.015 Thread 0x0000018bf3f44b80 Exception <a 'java/io/IOException'{0x00000000d55c1a88}> (0x00000000d55c1a88) 
thrown [s\src\hotspot\share\prims\jni.cpp, line 520]
Event: 17.016 Thread 0x0000018bf3f44b80 Exception <a 'java/io/IOException'{0x00000000d55de600}> (0x00000000d55de600) 
thrown [s\src\hotspot\share\prims\jni.cpp, line 520]
Event: 17.252 Thread 0x0000018bf3f44b80 Exception <a 'java/io/IOException'{0x00000000d56251d0}> (0x00000000d56251d0) 
thrown [s\src\hotspot\share\prims\jni.cpp, line 520]
Event: 17.262 Thread 0x0000018bf3f44b80 Exception <a 'java/io/IOException'{0x00000000d55a6c30}> (0x00000000d55a6c30) 
thrown [s\src\hotspot\share\prims\jni.cpp, line 520]
Event: 17.460 Thread 0x0000018bf3f44b80 Exception <a 'java/io/IOException'{0x00000000d5671e80}> (0x00000000d5671e80) 
thrown [s\src\hotspot\share\prims\jni.cpp, line 520]
Event: 17.462 Thread 0x0000018bf3f44b80 Exception <a 'java/io/IOException'{0x00000000d56b0bd8}> (0x00000000d56b0bd8) 
thrown [s\src\hotspot\share\prims\jni.cpp, line 520]

ZGC Phase Switch (0 events):
No events

VM Operations (20 events):
Event: 17.765 Executing safepoint VM operation: ParallelGCFailedAllocation (Allocation Failure)
Event: 17.768 Executing safepoint VM operation: ParallelGCFailedAllocation (Allocation Failure) done
Event: 17.777 Executing safepoint VM operation: ParallelGCFailedAllocation (Allocation Failure)
Event: 17.780 Executing safepoint VM operation: ParallelGCFailedAllocation (Allocation Failure) done
Event: 17.786 Executing safepoint VM operation: ParallelGCFailedAllocation (Allocation Failure)
Event: 17.788 Executing safepoint VM operation: ParallelGCFailedAllocation (Allocation Failure) done
Event: 17.792 Executing safepoint VM operation: ParallelGCFailedAllocation (Allocation Failure)
Event: 17.794 Executing safepoint VM operation: ParallelGCFailedAllocation (Allocation Failure) done
Event: 17.815 Executing safepoint VM operation: ParallelGCFailedAllocation (Allocation Failure)
Event: 17.831 Executing safepoint VM operation: ParallelGCFailedAllocation (Allocation Failure) done
Event: 17.844 Executing safepoint VM operation: ParallelGCFailedAllocation (Allocation Failure)
Event: 17.846 Executing safepoint VM operation: ParallelGCFailedAllocation (Allocation Failure) done
Event: 17.858 Executing safepoint VM operation: ParallelGCFailedAllocation (Allocation Failure)
Event: 17.860 Executing safepoint VM operation: ParallelGCFailedAllocation (Allocation Failure) done
Event: 17.880 Executing safepoint VM operation: ParallelGCFailedAllocation (Allocation Failure)
Event: 17.882 Executing safepoint VM operation: ParallelGCFailedAllocation (Allocation Failure) done
Event: 17.911 Executing safepoint VM operation: ParallelGCFailedAllocation (Allocation Failure)
Event: 17.912 Executing safepoint VM operation: ParallelGCFailedAllocation (Allocation Failure) done
Event: 17.923 Executing safepoint VM operation: ParallelGCFailedAllocation (Allocation Failure)
Event: 17.924 Executing safepoint VM operation: ParallelGCFailedAllocation (Allocation Failure) done

Memory protections (0 events):
No events

Nmethod flushes (20 events):
Event: 10.846 Thread 0x0000018bebf6afa0 flushing  nmethod 0x0000018bd7c12810
Event: 10.846 Thread 0x0000018bebf6afa0 flushing  nmethod 0x0000018bd7c16210
Event: 10.846 Thread 0x0000018bebf6afa0 flushing  nmethod 0x0000018bd7c16d90
Event: 10.846 Thread 0x0000018bebf6afa0 flushing  nmethod 0x0000018bd7c17390
Event: 10.846 Thread 0x0000018bebf6afa0 flushing  nmethod 0x0000018bd7c18290
Event: 10.846 Thread 0x0000018bebf6afa0 flushing  nmethod 0x0000018bd7c18b10
Event: 10.846 Thread 0x0000018bebf6afa0 flushing  nmethod 0x0000018bd7c18e90
Event: 10.846 Thread 0x0000018bebf6afa0 flushing  nmethod 0x0000018bd7c1b210
Event: 10.846 Thread 0x0000018bebf6afa0 flushing  nmethod 0x0000018bd7c46390
Event: 10.846 Thread 0x0000018bebf6afa0 flushing  nmethod 0x0000018bd7c51290
Event: 10.846 Thread 0x0000018bebf6afa0 flushing  nmethod 0x0000018bd7c57890
Event: 10.846 Thread 0x0000018bebf6afa0 flushing  nmethod 0x0000018bd7c66790
Event: 10.846 Thread 0x0000018bebf6afa0 flushing  nmethod 0x0000018bd7cc6190
Event: 10.846 Thread 0x0000018bebf6afa0 flushing  nmethod 0x0000018bd7cc9f90
Event: 10.846 Thread 0x0000018bebf6afa0 flushing  nmethod 0x0000018bd7cd9e90
Event: 10.846 Thread 0x0000018bebf6afa0 flushing  nmethod 0x0000018bd7cda290
Event: 10.846 Thread 0x0000018bebf6afa0 flushing  nmethod 0x0000018bd7cdb810
Event: 10.846 Thread 0x0000018bebf6afa0 flushing  nmethod 0x0000018bd7cf0590
Event: 10.846 Thread 0x0000018bebf6afa0 flushing  nmethod 0x0000018bd7d0c210
Event: 10.846 Thread 0x0000018bebf6afa0 flushing  nmethod 0x0000018bd7d22310

Events (20 events):
Event: 16.039 Thread 0x0000018bf3f44b80 Thread added: 0x0000018bf9f56dc0
Event: 16.039 Thread 0x0000018bf3f44b80 Thread added: 0x0000018bf9f58800
Event: 16.052 Thread 0x0000018bf3f44b80 Thread added: 0x0000018bf8b8c0f0
Event: 16.120 Thread 0x0000018bf3f44b80 Thread added: 0x0000018bf8b8a6b0
Event: 16.121 Thread 0x0000018bf3f44b80 Thread added: 0x0000018bfb1ea350
Event: 16.165 Thread 0x0000018bf3f44b80 Thread added: 0x0000018bfb1e5490
Event: 16.178 Thread 0x0000018bf3f44b80 Thread added: 0x0000018bfb1e7bf0
Event: 16.192 Thread 0x0000018bf3f44b80 Thread added: 0x0000018bfb1e61b0
Event: 16.268 Thread 0x0000018bf3f44b80 Thread added: 0x0000018bfb1e8fa0
Event: 16.268 Thread 0x0000018bf3f44b80 Thread added: 0x0000018bfb1e6840
Event: 16.268 Thread 0x0000018bf3f44b80 Thread added: 0x0000018bfb1e7560
Event: 16.282 Thread 0x0000018bf3f44b80 Thread added: 0x0000018bfb1e9630
Event: 16.321 Thread 0x0000018bf3f44b80 Thread added: 0x0000018bfb1e6ed0
Event: 16.343 Thread 0x0000018bf3f44b80 Thread added: 0x0000018bfb1ea9e0
Event: 16.343 Thread 0x0000018bf3f44b80 Thread added: 0x0000018bfb1ebd90
Event: 16.371 Thread 0x0000018bf3f44b80 Thread added: 0x0000018bfb1e9cc0
Event: 16.430 Thread 0x0000018bf3f44b80 Thread added: 0x0000018bfb1e5b20
Event: 16.479 Thread 0x0000018bf3f44b80 Thread added: 0x0000018bfb1e8280
Event: 16.480 Thread 0x0000018bf3f44b80 Thread added: 0x0000018bfb1eb070
Event: 17.846 Thread 0x0000018bf509d4b0 Thread exited: 0x0000018bf509d4b0


Dynamic libraries:
0x00007ff717750000 - 0x00007ff71775e000 	c:\Users\DBR2\.antigravity\extensions\redhat.java-1.54.0-win32-x64\jre\21.0.10-win32-x86_64\bin\java.exe
0x00007ffc1b390000 - 0x00007ffc1b5a9000 	C:\windows\SYSTEM32\ntdll.dll
0x00007ffc19f20000 - 0x00007ffc19fe4000 	C:\windows\System32\KERNEL32.DLL
0x00007ffc18bb0000 - 0x00007ffc18f78000 	C:\windows\System32\KERNELBASE.dll
0x00007ffc18940000 - 0x00007ffc18a51000 	C:\windows\System32\ucrtbase.dll
0x00007ffbf2ec0000 - 0x00007ffbf2ed8000 	c:\Users\DBR2\.antigravity\extensions\redhat.java-1.54.0-win32-x64\jre\21.0.10-win32-x86_64\bin\jli.dll
0x00007ffc19770000 - 0x00007ffc19921000 	C:\windows\System32\USER32.dll
0x00007ffc18b80000 - 0x00007ffc18ba6000 	C:\windows\System32\win32u.dll
0x00007ffbf8b70000 - 0x00007ffbf8e0c000 	C:\windows\WinSxS\amd64_microsoft.windows.common-controls_6595b64144ccf1df_6.0.22621.6931_none_270fd4b77385a2c0\COMCTL32.dll
0x00007ffc19930000 - 0x00007ffc199d7000 	C:\windows\System32\msvcrt.dll
0x00007ffc19620000 - 0x00007ffc19649000 	C:\windows\System32\GDI32.dll
0x00007ffc18570000 - 0x00007ffc1868c000 	C:\windows\System32\gdi32full.dll
0x00007ffbf2440000 - 0x00007ffbf245e000 	c:\Users\DBR2\.antigravity\extensions\redhat.java-1.54.0-win32-x64\jre\21.0.10-win32-x86_64\bin\VCRUNTIME140.dll
0x00007ffc18a60000 - 0x00007ffc18afa000 	C:\windows\System32\msvcp_win.dll
0x00007ffc1a000000 - 0x00007ffc1a031000 	C:\windows\System32\IMM32.DLL
0x0000018bd1e30000 - 0x0000018bd1e46000 	C:\windows\System32\umppc20709.dll
0x00007ffc15530000 - 0x00007ffc1553c000 	c:\Users\DBR2\.antigravity\extensions\redhat.java-1.54.0-win32-x64\jre\21.0.10-win32-x86_64\bin\vcruntime140_1.dll
0x00007ffbafef0000 - 0x00007ffbaff7d000 	c:\Users\DBR2\.antigravity\extensions\redhat.java-1.54.0-win32-x64\jre\21.0.10-win32-x86_64\bin\msvcp140.dll
0x00007ffb31700000 - 0x00007ffb324a1000 	c:\Users\DBR2\.antigravity\extensions\redhat.java-1.54.0-win32-x64\jre\21.0.10-win32-x86_64\bin\server\jvm.dll
0x00007ffc19030000 - 0x00007ffc190e1000 	C:\windows\System32\ADVAPI32.dll
0x00007ffc199e0000 - 0x00007ffc19a88000 	C:\windows\System32\sechost.dll
0x00007ffc19000000 - 0x00007ffc19028000 	C:\windows\System32\bcrypt.dll
0x00007ffc19650000 - 0x00007ffc19768000 	C:\windows\System32\RPCRT4.dll
0x00007ffc1a0a0000 - 0x00007ffc1a111000 	C:\windows\System32\WS2_32.dll
0x00007ffc17c30000 - 0x00007ffc17c7d000 	C:\windows\SYSTEM32\POWRPROF.dll
0x00007ffc0df80000 - 0x00007ffc0dfb4000 	C:\windows\SYSTEM32\WINMM.dll
0x00007ffc0e680000 - 0x00007ffc0e68a000 	C:\windows\SYSTEM32\VERSION.dll
0x00007ffc17c10000 - 0x00007ffc17c23000 	C:\windows\SYSTEM32\UMPDC.dll
0x00007ffc17460000 - 0x00007ffc17478000 	C:\windows\SYSTEM32\kernel.appcore.dll
0x00007ffc0d1d0000 - 0x00007ffc0d1da000 	c:\Users\DBR2\.antigravity\extensions\redhat.java-1.54.0-win32-x64\jre\21.0.10-win32-x86_64\bin\jimage.dll
0x00007ffc14ff0000 - 0x00007ffc15223000 	C:\windows\SYSTEM32\DBGHELP.DLL
0x00007ffc19a90000 - 0x00007ffc19e22000 	C:\windows\System32\combase.dll
0x00007ffc1a210000 - 0x00007ffc1a2e9000 	C:\windows\System32\OLEAUT32.dll
0x00007ffc14d50000 - 0x00007ffc14d82000 	C:\windows\SYSTEM32\dbgcore.DLL
0x00007ffc18b00000 - 0x00007ffc18b7b000 	C:\windows\System32\bcryptPrimitives.dll
0x00007ffbfb370000 - 0x00007ffbfb37f000 	c:\Users\DBR2\.antigravity\extensions\redhat.java-1.54.0-win32-x64\jre\21.0.10-win32-x86_64\bin\instrument.dll
0x00007ffbe7140000 - 0x00007ffbe7160000 	c:\Users\DBR2\.antigravity\extensions\redhat.java-1.54.0-win32-x64\jre\21.0.10-win32-x86_64\bin\java.dll
0x00007ffc1a520000 - 0x00007ffc1adbe000 	C:\windows\System32\SHELL32.dll
0x00007ffc18690000 - 0x00007ffc187cf000 	C:\windows\System32\wintypes.dll
0x00007ffc162c0000 - 0x00007ffc16bd3000 	C:\windows\SYSTEM32\windows.storage.dll
0x00007ffc1b240000 - 0x00007ffc1b344000 	C:\windows\System32\SHCORE.dll
0x00007ffc1a120000 - 0x00007ffc1a189000 	C:\windows\System32\shlwapi.dll
0x00007ffc183e0000 - 0x00007ffc18405000 	C:\windows\SYSTEM32\profapi.dll
0x00007ffbdf9c0000 - 0x00007ffbdf9d8000 	c:\Users\DBR2\.antigravity\extensions\redhat.java-1.54.0-win32-x64\jre\21.0.10-win32-x86_64\bin\zip.dll
0x00007ffbf3780000 - 0x00007ffbf3790000 	C:\Users\DBR2\.antigravity\extensions\redhat.java-1.54.0-win32-x64\jre\21.0.10-win32-x86_64\bin\net.dll
0x00007ffc10a00000 - 0x00007ffc10b2c000 	C:\windows\SYSTEM32\WINHTTP.dll
0x00007ffc17980000 - 0x00007ffc179e9000 	C:\windows\system32\mswsock.dll
0x00007ffbdf6f0000 - 0x00007ffbdf706000 	C:\Users\DBR2\.antigravity\extensions\redhat.java-1.54.0-win32-x64\jre\21.0.10-win32-x86_64\bin\nio.dll
0x00007ffbf2e10000 - 0x00007ffbf2e20000 	c:\Users\DBR2\.antigravity\extensions\redhat.java-1.54.0-win32-x64\jre\21.0.10-win32-x86_64\bin\verify.dll
0x00007ffbe04a0000 - 0x00007ffbe04e5000 	C:\Users\DBR2\AppData\Roaming\Antigravity\User\globalStorage\redhat.java\1.54.0\config_win\org.eclipse.equinox.launcher\org.eclipse.equinox.launcher.win32.win32.x86_64_1.3.0.v20260203-2149\eclipse_11919.dll
0x00007ffc190f0000 - 0x00007ffc19291000 	C:\windows\System32\ole32.dll
0x00007ffbf3350000 - 0x00007ffbf335a000 	C:\Users\DBR2\.antigravity\extensions\redhat.java-1.54.0-win32-x64\jre\21.0.10-win32-x86_64\bin\management.dll
0x00007ffbf2930000 - 0x00007ffbf293c000 	C:\Users\DBR2\.antigravity\extensions\redhat.java-1.54.0-win32-x64\jre\21.0.10-win32-x86_64\bin\management_ext.dll
0x00007ffc19ff0000 - 0x00007ffc19ff8000 	C:\windows\System32\PSAPI.DLL
0x00007ffc17d50000 - 0x00007ffc17d6b000 	C:\windows\SYSTEM32\CRYPTSP.dll
0x00007ffc173c0000 - 0x00007ffc173f7000 	C:\windows\system32\rsaenh.dll
0x00007ffc17a20000 - 0x00007ffc17a48000 	C:\windows\SYSTEM32\USERENV.dll
0x00007ffc17d30000 - 0x00007ffc17d3c000 	C:\windows\SYSTEM32\CRYPTBASE.dll
0x00007ffc16d00000 - 0x00007ffc16d2d000 	C:\windows\SYSTEM32\IPHLPAPI.DLL
0x00007ffc19f10000 - 0x00007ffc19f19000 	C:\windows\System32\NSI.dll
0x00007ffbe7540000 - 0x00007ffbe7589000 	C:\Users\DBR2\AppData\Local\Temp\jna-2091806\jna11277051751691664117.dll
0x00007ffc14150000 - 0x00007ffc14169000 	C:\windows\SYSTEM32\dhcpcsvc6.DLL
0x00007ffc14130000 - 0x00007ffc1414f000 	C:\windows\SYSTEM32\dhcpcsvc.DLL
0x00007ffbf2b10000 - 0x00007ffbf2b1e000 	C:\Users\DBR2\.antigravity\extensions\redhat.java-1.54.0-win32-x64\jre\21.0.10-win32-x86_64\bin\sunmscapi.dll
0x00007ffc187d0000 - 0x00007ffc18938000 	C:\windows\System32\CRYPT32.dll
0x00007ffc17e60000 - 0x00007ffc17e8e000 	C:\windows\SYSTEM32\ncrypt.dll
0x00007ffc17e20000 - 0x00007ffc17e57000 	C:\windows\SYSTEM32\NTASN1.dll
0x00007ffc16d30000 - 0x00007ffc16e28000 	C:\windows\SYSTEM32\DNSAPI.dll
0x00007ffc0f410000 - 0x00007ffc0f41a000 	C:\Windows\System32\rasadhlp.dll
0x00007ffc115d0000 - 0x00007ffc11654000 	C:\windows\System32\fwpuclnt.dll
0x00007ffbf29e0000 - 0x00007ffbf29e9000 	C:\Users\DBR2\.antigravity\extensions\redhat.java-1.54.0-win32-x64\jre\21.0.10-win32-x86_64\bin\extnet.dll

JVMTI agents:
c:\Users\DBR2\.antigravity\extensions\redhat.java-1.54.0-win32-x64\lombok\lombok-1.18.39-4050.jar path:c:\Users\DBR2\.antigravity\extensions\redhat.java-1.54.0-win32-x64\jre\21.0.10-win32-x86_64\bin\instrument.dll, loaded, initialized, instrumentlib options:none

dbghelp: loaded successfully - version: 4.0.5 - missing functions: none
symbol engine: initialized successfully - sym options: 0x614 - pdb path: .;c:\Users\DBR2\.antigravity\extensions\redhat.java-1.54.0-win32-x64\jre\21.0.10-win32-x86_64\bin;C:\windows\SYSTEM32;C:\windows\WinSxS\amd64_microsoft.windows.common-controls_6595b64144ccf1df_6.0.22621.6931_none_270fd4b77385a2c0;c:\Users\DBR2\.antigravity\extensions\redhat.java-1.54.0-win32-x64\jre\21.0.10-win32-x86_64\bin\server;C:\Users\DBR2\AppData\Roaming\Antigravity\User\globalStorage\redhat.java\1.54.0\config_win\org.eclipse.equinox.launcher\org.eclipse.equinox.launcher.win32.win32.x86_64_1.3.0.v20260203-2149;C:\Users\DBR2\AppData\Local\Temp\jna-2091806

VM Arguments:
jvm_args: --add-modules=ALL-SYSTEM --add-opens=java.base/java.util=ALL-UNNAMED --add-opens=java.base/java.lang=ALL-UNNAMED --add-opens=java.base/sun.nio.fs=ALL-UNNAMED -Declipse.application=org.eclipse.jdt.ls.core.id1 -Dosgi.bundles.defaultStartLevel=4 -Declipse.product=org.eclipse.jdt.ls.core.product -Djava.import.generatesMetadataFilesAtProjectRoot=false -DDetectVMInstallationsJob.disabled=true -Dfile.encoding=utf8 -XX:+UseParallelGC -XX:GCTimeRatio=4 -XX:AdaptiveSizePolicyWeight=90 -Dsun.zip.disableMemoryMapping=true -Xmx2G -Xms100m -Xlog:disable -javaagent:c:\Users\DBR2\.antigravity\extensions\redhat.java-1.54.0-win32-x64\lombok\lombok-1.18.39-4050.jar -XX:+HeapDumpOnOutOfMemoryError -XX:HeapDumpPath=c:\Users\DBR2\AppData\Roaming\Antigravity\User\workspaceStorage\9cd9de923beb208d0e11543e4bb6baaa\redhat.java -Daether.dependencyCollector.impl=bf 
java_command: c:\Users\DBR2\.antigravity\extensions\redhat.java-1.54.0-win32-x64\server\plugins\org.eclipse.equinox.launcher_1.7.100.v20251111-0406.jar -configuration c:\Users\DBR2\AppData\Roaming\Antigravity\User\globalStorage\redhat.java\1.54.0\config_win -data c:\Users\DBR2\AppData\Roaming\Antigravity\User\workspaceStorage\9cd9de923beb208d0e11543e4bb6baaa\redhat.java\jdt_ws --pipe=\\.\pipe\lsp-34c35d3f5a6d222ddf2ad8f818f7837a-sock
java_class_path (initial): c:\Users\DBR2\.antigravity\extensions\redhat.java-1.54.0-win32-x64\server\plugins\org.eclipse.equinox.launcher_1.7.100.v20251111-0406.jar
Launcher Type: SUN_STANDARD

[Global flags]
    uintx AdaptiveSizePolicyWeight                 = 90                                        {product} {command line}
     intx CICompilerCount                          = 12                                        {product} {ergonomic}
    uintx GCTimeRatio                              = 4                                         {product} {command line}
     bool HeapDumpOnOutOfMemoryError               = true                                   {manageable} {command line}
    ccstr HeapDumpPath                             = c:\Users\DBR2\AppData\Roaming\Antigravity\User\workspaceStorage\9cd9de923beb208d0e11543e4bb6baaa\redhat.java         {manageable} {command line}
   size_t InitialHeapSize                          = 104857600                                 {product} {command line}
   size_t MaxHeapSize                              = 2147483648                                {product} {command line}
   size_t MaxNewSize                               = 715653120                                 {product} {ergonomic}
   size_t MinHeapDeltaBytes                        = 524288                                    {product} {ergonomic}
   size_t MinHeapSize                              = 104857600                                 {product} {command line}
   size_t NewSize                                  = 34603008                                  {product} {ergonomic}
    uintx NonNMethodCodeHeapSize                   = 7602480                                {pd product} {ergonomic}
    uintx NonProfiledCodeHeapSize                  = 122027880                              {pd product} {ergonomic}
   size_t OldSize                                  = 70254592                                  {product} {ergonomic}
    uintx ProfiledCodeHeapSize                     = 122027880                              {pd product} {ergonomic}
    uintx ReservedCodeCacheSize                    = 251658240                              {pd product} {ergonomic}
     bool SegmentedCodeCache                       = true                                      {product} {ergonomic}
   size_t SoftMaxHeapSize                          = 2147483648                             {manageable} {ergonomic}
     bool UseCompressedOops                        = true                           {product lp64_product} {ergonomic}
     bool UseLargePagesIndividualAllocation        = false                                  {pd product} {ergonomic}
     bool UseParallelGC                            = true                                      {product} {command line}

Logging:
Log output configuration:
 #0: stdout all=off uptime,level,tags foldmultilines=false
 #1: stderr all=off uptime,level,tags foldmultilines=false

Release file:
JAVA_VERSION="21.0.10" 
MODULES="java.base java.compiler java.datatransfer java.xml java.prefs java.desktop java.instrument java.logging java.management java.security.sasl java.naming java.rmi java.management.rmi java.net.http java.scripting java.security.jgss java.transaction.xa java.sql java.sql.rowset java.xml.crypto java.se java.smartcardio jdk.accessibility jdk.internal.jvmstat jdk.attach jdk.charsets jdk.internal.opt jdk.zipfs jdk.compiler jdk.crypto.ec jdk.crypto.cryptoki jdk.crypto.mscapi jdk.dynalink jdk.internal.ed jdk.editpad jdk.hotspot.agent jdk.httpserver jdk.internal.le jdk.internal.vm.ci jdk.internal.vm.compiler jdk.internal.vm.compiler.management jdk.jartool jdk.javadoc jdk.jcmd jdk.management jdk.management.agent jdk.jconsole jdk.jdeps jdk.jdwp.agent jdk.jdi jdk.jfr jdk.jshell jdk.jsobject jdk.jstatd jdk.localedata jdk.management.jfr jdk.naming.dns jdk.naming.rmi jdk.net jdk.nio.mapmode jdk.random jdk.sctp jdk.security.auth jdk.security.jgss jdk.unsupported jdk.unsupported.desktop jdk.xml.dom" 

Environment Variables:
JAVA_HOME=C:\Program Files\Semeru\jdk-21.0.8.9-openj9\
PATH=C:\Program Files (x86)\NVIDIA Corporation\PhysX\Common;C:\Program Files\Semeru\jdk-21.0.8.9-openj9\bin;E:\groovy-5.0.1\bin;c:\PROGRA~1\ds_shell\code\bin\ds_shell;C:\Oracle12C_32bCli\client_1\bin;C:\Oracle12C_64bCli\client_1\bin;C:\Program Files\Microsoft MPI\Bin\;C:\Windows\system32;C:\Windows;C:\Windows\System32\Wbem;C:\Windows\System32\WindowsPowerShell\v1.0\;C:\Windows\System32\OpenSSH\;C:\Program Files\dotnet\;C:\Program Files\Microsoft SQL Server\Client SDK\ODBC\170\Tools\Binn\;c:\Program Files (x86)\Pulse Secure\VC142.CRT\X64\;c:\Program Files (x86)\Pulse Secure\VC142.CRT\X86\;c:\Program Files (x86)\Common Files\Pulse Secure\TNC Client Plugin\;C:\Program Files\PuTTY\;C:\Program Files\Git\cmd;C:\Program Files\Semeru\jdk-8.0.402.6-openj9\bin;E:\Program Files\nodejs\;C:\gradle\gradle-9.1.0\bin;'C:\Users\DBR2\AppData\Local\Python\pythoncore-3.14-64\Scripts';C:\Program Files\Microsoft SQL Server\170\Tools\Binn\;C:\Program Files (x86)\Windows Kits\10\Windows Performance Toolkit\;C:\Program Files\Docker\Docker\resources\bin;C:\Program Files\GitHub CLI\;E:\Program Files\Go\bin;C:\Program Files (x86)\Windows Kits\8.1\Windows Performance Toolkit\;C:\Users\DBR2\AppData\Local\Microsoft\WindowsApps;C:\ProgramData\DBR2\GitHubDesktop\bin;C:\Users\DBR2\AppData\Local\GitHubDesktop\bin;C:\Users\DBR2\AppData\Roaming\npm;C:\Users\DBR2\AppData\Local\Programs\cursor\resources\app\bin;C:\gradle\gradle-9.1.0\bin;C:\Users\DBR2\AppData\Local\Programs\MiKTeX\miktex\bin\x64\;C:\Users\DBR2\AppData\Local\Programs\Antigravity\bin;C:\Users\DBR2\AppData\Local\Python\bin;C:\Users\DBR2\AppData\Local\Python\pythoncore-3.14-64\Scripts;C:\Users\DBR2\.dotnet\tools;C:\Program Files (x86)\Microsoft Visual Studio\18\BuildTools\VC\Tools\MSVC\14.50.35717\bin\Hostx64\x86\;C:\Users\DBR2\go\bin
USERNAME=DBR2
OS=Windows_NT
PROCESSOR_IDENTIFIER=Intel64 Family 6 Model 183 Stepping 1, GenuineIntel
TMP=C:\Users\DBR2\AppData\Local\Temp
TEMP=C:\Users\DBR2\AppData\Local\Temp




Periodic native trim disabled

---------------  S Y S T E M  ---------------

OS:
 Windows 11 , 64 bit Build 22621 (10.0.22621.6931)
OS uptime: 10 days 2:50 hours
Hyper-V role detected

CPU: total 28 (initial active 28) (14 cores per cpu, 2 threads per core) family 6 model 183 stepping 1 microcode 0x12e, cx8, cmov, fxsr, ht, mmx, 3dnowpref, sse, sse2, sse3, ssse3, sse4.1, sse4.2, popcnt, lzcnt, tsc, tscinvbit, avx, avx2, aes, erms, clmul, bmi1, bmi2, adx, sha, fma, vzeroupper, clflush, clflushopt, clwb, hv, serialize, rdtscp, rdpid, fsrm, f16c, cet_ibt, cet_ss
Processor Information for the first 28 processors :
  Max Mhz: 2100, Current Mhz: 2100, Mhz Limit: 2100

Memory: 4k page, system-wide physical 32496M (896M free)
TotalPageFile size 93420M (AvailPageFile size 138M)
current process WorkingSet (physical memory assigned to process): 565M, peak: 587M
current process commit charge ("private bytes"): 659M, peak: 1792M

vm_info: OpenJDK 64-Bit Server VM (21.0.10+7-LTS) for windows-amd64 JRE (21.0.10+7-LTS), built on 2026-01-20T00:00:00Z by "admin" with MS VC++ 17.12 (VS2022)

END.
